Archive member included to satisfy reference by file (symbol)

C:/ST/STM32CubeIDE_1.17.0/STM32CubeIDE/plugins/com.st.stm32cube.ide.mcu.externaltools.gnu-tools-for-stm32.12.3.rel1.win32_1.1.0.202410251130/tools/bin/../lib/gcc/arm-none-eabi/12.3.1/../../../../arm-none-eabi/lib/thumb/v7-m/nofp\libc_nano.a(libc_a-exit.o)
                              C:/ST/STM32CubeIDE_1.17.0/STM32CubeIDE/plugins/com.st.stm32cube.ide.mcu.externaltools.gnu-tools-for-stm32.12.3.rel1.win32_1.1.0.202410251130/tools/bin/../lib/gcc/arm-none-eabi/12.3.1/../../../../arm-none-eabi/lib/thumb/v7-m/nofp/crt0.o (exit)
C:/ST/STM32CubeIDE_1.17.0/STM32CubeIDE/plugins/com.st.stm32cube.ide.mcu.externaltools.gnu-tools-for-stm32.12.3.rel1.win32_1.1.0.202410251130/tools/bin/../lib/gcc/arm-none-eabi/12.3.1/../../../../arm-none-eabi/lib/thumb/v7-m/nofp\libc_nano.a(libc_a-findfp.o)
                              C:/ST/STM32CubeIDE_1.17.0/STM32CubeIDE/plugins/com.st.stm32cube.ide.mcu.externaltools.gnu-tools-for-stm32.12.3.rel1.win32_1.1.0.202410251130/tools/bin/../lib/gcc/arm-none-eabi/12.3.1/../../../../arm-none-eabi/lib/thumb/v7-m/nofp\libc_nano.a(libc_a-exit.o) (__stdio_exit_handler)
C:/ST/STM32CubeIDE_1.17.0/STM32CubeIDE/plugins/com.st.stm32cube.ide.mcu.externaltools.gnu-tools-for-stm32.12.3.rel1.win32_1.1.0.202410251130/tools/bin/../lib/gcc/arm-none-eabi/12.3.1/../../../../arm-none-eabi/lib/thumb/v7-m/nofp\libc_nano.a(libc_a-fwalk.o)
                              C:/ST/STM32CubeIDE_1.17.0/STM32CubeIDE/plugins/com.st.stm32cube.ide.mcu.externaltools.gnu-tools-for-stm32.12.3.rel1.win32_1.1.0.202410251130/tools/bin/../lib/gcc/arm-none-eabi/12.3.1/../../../../arm-none-eabi/lib/thumb/v7-m/nofp\libc_nano.a(libc_a-findfp.o) (_fwalk_sglue)
C:/ST/STM32CubeIDE_1.17.0/STM32CubeIDE/plugins/com.st.stm32cube.ide.mcu.externaltools.gnu-tools-for-stm32.12.3.rel1.win32_1.1.0.202410251130/tools/bin/../lib/gcc/arm-none-eabi/12.3.1/../../../../arm-none-eabi/lib/thumb/v7-m/nofp\libc_nano.a(libc_a-stdio.o)
                              C:/ST/STM32CubeIDE_1.17.0/STM32CubeIDE/plugins/com.st.stm32cube.ide.mcu.externaltools.gnu-tools-for-stm32.12.3.rel1.win32_1.1.0.202410251130/tools/bin/../lib/gcc/arm-none-eabi/12.3.1/../../../../arm-none-eabi/lib/thumb/v7-m/nofp\libc_nano.a(libc_a-findfp.o) (__sread)
C:/ST/STM32CubeIDE_1.17.0/STM32CubeIDE/plugins/com.st.stm32cube.ide.mcu.externaltools.gnu-tools-for-stm32.12.3.rel1.win32_1.1.0.202410251130/tools/bin/../lib/gcc/arm-none-eabi/12.3.1/../../../../arm-none-eabi/lib/thumb/v7-m/nofp\libc_nano.a(libc_a-memset.o)
                              C:/ST/STM32CubeIDE_1.17.0/STM32CubeIDE/plugins/com.st.stm32cube.ide.mcu.externaltools.gnu-tools-for-stm32.12.3.rel1.win32_1.1.0.202410251130/tools/bin/../lib/gcc/arm-none-eabi/12.3.1/../../../../arm-none-eabi/lib/thumb/v7-m/nofp/crt0.o (memset)
C:/ST/STM32CubeIDE_1.17.0/STM32CubeIDE/plugins/com.st.stm32cube.ide.mcu.externaltools.gnu-tools-for-stm32.12.3.rel1.win32_1.1.0.202410251130/tools/bin/../lib/gcc/arm-none-eabi/12.3.1/../../../../arm-none-eabi/lib/thumb/v7-m/nofp\libc_nano.a(libc_a-closer.o)
                              C:/ST/STM32CubeIDE_1.17.0/STM32CubeIDE/plugins/com.st.stm32cube.ide.mcu.externaltools.gnu-tools-for-stm32.12.3.rel1.win32_1.1.0.202410251130/tools/bin/../lib/gcc/arm-none-eabi/12.3.1/../../../../arm-none-eabi/lib/thumb/v7-m/nofp\libc_nano.a(libc_a-stdio.o) (_close_r)
C:/ST/STM32CubeIDE_1.17.0/STM32CubeIDE/plugins/com.st.stm32cube.ide.mcu.externaltools.gnu-tools-for-stm32.12.3.rel1.win32_1.1.0.202410251130/tools/bin/../lib/gcc/arm-none-eabi/12.3.1/../../../../arm-none-eabi/lib/thumb/v7-m/nofp\libc_nano.a(libc_a-reent.o)
                              C:/ST/STM32CubeIDE_1.17.0/STM32CubeIDE/plugins/com.st.stm32cube.ide.mcu.externaltools.gnu-tools-for-stm32.12.3.rel1.win32_1.1.0.202410251130/tools/bin/../lib/gcc/arm-none-eabi/12.3.1/../../../../arm-none-eabi/lib/thumb/v7-m/nofp\libc_nano.a(libc_a-closer.o) (errno)
C:/ST/STM32CubeIDE_1.17.0/STM32CubeIDE/plugins/com.st.stm32cube.ide.mcu.externaltools.gnu-tools-for-stm32.12.3.rel1.win32_1.1.0.202410251130/tools/bin/../lib/gcc/arm-none-eabi/12.3.1/../../../../arm-none-eabi/lib/thumb/v7-m/nofp\libc_nano.a(libc_a-impure.o)
                              C:/ST/STM32CubeIDE_1.17.0/STM32CubeIDE/plugins/com.st.stm32cube.ide.mcu.externaltools.gnu-tools-for-stm32.12.3.rel1.win32_1.1.0.202410251130/tools/bin/../lib/gcc/arm-none-eabi/12.3.1/../../../../arm-none-eabi/lib/thumb/v7-m/nofp\libc_nano.a(libc_a-reent.o) (_impure_ptr)
C:/ST/STM32CubeIDE_1.17.0/STM32CubeIDE/plugins/com.st.stm32cube.ide.mcu.externaltools.gnu-tools-for-stm32.12.3.rel1.win32_1.1.0.202410251130/tools/bin/../lib/gcc/arm-none-eabi/12.3.1/../../../../arm-none-eabi/lib/thumb/v7-m/nofp\libc_nano.a(libc_a-lseekr.o)
[...]
Memory Configuration

Name             Origin             Length             Attributes
RAM              0x20000000         0x00005000         xrw
FLASH            0x08004000         0x0000c000         xr
*default*        0x00000000         0xffffffff

Linker script and memory map

LOAD C:/ST/STM32CubeIDE_1.17.0/STM32CubeIDE/plugins/com.st.stm32cube.ide.mcu.externaltools.gnu-tools-for-stm32.12.3.rel1.win32_1.1.0.202410251130/tools/bin/../lib/gcc/arm-none-eabi/12.3.1/thumb/v7-m/nofp/crti.o
LOAD C:/ST/STM32CubeIDE_1.17.0/STM32CubeIDE/plugins/com.st.stm32cube.ide.mcu.externaltools.gnu-tools-for-stm32.12.3.rel1.win32_1.1.0.202410251130/tools/bin/../lib/gcc/arm-none-eabi/12.3.1/thumb/v7-m/nofp/crtbegin.o
LOAD C:/ST/STM32CubeIDE_1.17.0/STM32CubeIDE/plugins/com.st.stm32cube.ide.mcu.externaltools.gnu-tools-for-stm32.12.3.rel1.win32_1.1.0.202410251130/tools/bin/../lib/gcc/arm-none-eabi/12.3.1/../../../../arm-none-eabi/lib/thumb/v7-m/nofp/crt0.o
LOAD ./Core/Src/led.o
LOAD ./Core/Src/main.o
LOAD ./Core/Src/stm32f1xx_hal_msp.o
LOAD ./Core/Src/stm32f1xx_it.o
LOAD ./Core/Src/syscalls.o
LOAD ./Core/Src/sysmem.o
LOAD ./Core/Src/system_stm32f1xx.o
LOAD ./Core/Src/uart.o
LOAD ./Core/Startup/startup_stm32f103c8tx.o
LOAD ./Drivers/STM32F1xx_HAL_Driver/Src/stm32f1xx_hal.o
LOAD ./Drivers/STM32F1xx_HAL_Driver/Src/stm32f1xx_hal_cortex.o
LOAD ./Drivers/STM32F1xx_HAL_Driver/Src/stm32f1xx_hal_dma.o
LOAD ./Drivers/STM32F1xx_HAL_Driver/Src/stm32f1xx_hal_exti.o
LOAD ./Drivers/STM32F1xx_HAL_Driver/Src/stm32f1xx_hal_flash.o
LOAD ./Drivers/STM32F1xx_HAL_Driver/Src/stm32f1xx_hal_flash_ex.o
LOAD ./Drivers/STM32F1xx_HAL_Driver/Src/stm32f1xx_hal_gpio.o
LOAD ./Drivers/STM32F1xx_HAL_Driver/Src/stm32f1xx_hal_gpio_ex.o
LOAD ./Drivers/STM32F1xx_HAL_Driver/Src/stm32f1xx_hal_pwr.o
LOAD ./Drivers/STM32F1xx_HAL_Driver/Src/stm32f1xx_hal_rcc.o
LOAD ./Drivers/STM32F1xx_HAL_Driver/Src/stm32f1xx_hal_rcc_ex.o
START GROUP
LOAD C:/ST/STM32CubeIDE_1.17.0/STM32CubeIDE/plugins/com.st.stm32cube.ide.mcu.externaltools.gnu-tools-for-stm32.12.3.rel1.win32_1.1.0.202410251130/tools/bin/../lib/gcc/arm-none-eabi/12.3.1/../../../../arm-none-eabi/lib/thumb/v7-m/nofp\libc_nano.a
LOAD C:/ST/STM32CubeIDE_1.17.0/STM32CubeIDE/plugins/com.st.stm32cube.ide.mcu.externaltools.gnu-tools-for-stm32.12.3.rel1.win32_1.1.0.202410251130/tools/bin/../lib/gcc/arm-none-eabi/12.3.1/../../../../arm-none-eabi/lib/thumb/v7-m/nofp\libm.a
END GROUP
START GROUP
LOAD C:/ST/STM32CubeIDE_1.17.0/STM32CubeIDE/plugins/com.st.stm32cube.ide.mcu.externaltools.gnu-tools-for-stm32.12.3.rel1.win32_1.1.0.202410251130/tools/bin/../lib/gcc/arm-none-eabi/12.3.1/thumb/v7-m/nofp\libgcc.a
LOAD C:/ST/STM32CubeIDE_1.17.0/STM32CubeIDE/plugins/com.st.stm32cube.ide.mcu.externaltools.gnu-tools-for-stm32.12.3.rel1.win32_1.1.0.202410251130/tools/bin/../lib/gcc/arm-none-eabi/12.3.1/../../../../arm-none-eabi/lib/thumb/v7-m/nofp\libc_nano.a
END GROUP
START GROUP
LOAD C:/ST/STM32CubeIDE_1.17.0/STM32CubeIDE/plugins/com.st.stm32cube.ide.mcu.externaltools.gnu-tools-for-stm32.12.3.rel1.win32_1.1.0.202410251130/tools/bin/../lib/gcc/arm-none-eabi/12.3.1/thumb/v7-m/nofp\libgcc.a
LOAD C:/ST/STM32CubeIDE_1.17.0/STM32CubeIDE/plugins/com.st.stm32cube.ide.mcu.externaltools.gnu-tools-for-stm32.12.3.rel1.win32_1.1.0.202410251130/tools/bin/../lib/gcc/arm-none-eabi/12.3.1/../../../../arm-none-eabi/lib/thumb/v7-m/nofp\libc_nano.a
LOAD C:/ST/STM32CubeIDE_1.17.0/STM32CubeIDE/plugins/com.st.stm32cube.ide.mcu.externaltools.gnu-tools-for-stm32.12.3.rel1.win32_1.1.0.202410251130/tools/bin/../lib/gcc/arm-none-eabi/12.3.1/../../../../arm-none-eabi/lib/thumb/v7-m/nofp\libnosys.a
END GROUP
START GROUP
LOAD C:/ST/STM32CubeIDE_1.17.0/STM32CubeIDE/plugins/com.st.stm32cube.ide.mcu.externaltools.gnu-tools-for-stm32.12.3.rel1.win32_1.1.0.202410251130/tools/bin/../lib/gcc/arm-none-eabi/12.3.1/thumb/v7-m/nofp\libgcc.a
LOAD C:/ST/STM32CubeIDE_1.17.0/STM32CubeIDE/plugins/com.st.stm32cube.ide.mcu.externaltools.gnu-tools-for-stm32.12.3.rel1.win32_1.1.0.202410251130/tools/bin/../lib/gcc/arm-none-eabi/12.3.1/../../../../arm-none-eabi/lib/thumb/v7-m/nofp\libc_nano.a
LOAD C:/ST/STM32CubeIDE_1.17.0/STM32CubeIDE/plugins/com.st.stm32cube.ide.mcu.externaltools.gnu-tools-for-stm32.12.3.rel1.win32_1.1.0.202410251130/tools/bin/../lib/gcc/arm-none-eabi/12.3.1/../../../../arm-none-eabi/lib/thumb/v7-m/nofp\libnosys.a
END GROUP
LOAD C:/ST/STM32CubeIDE_1.17.0/STM32CubeIDE/plugins/com.st.stm32cube.ide.mcu.externaltools.gnu-tools-for-stm32.12.3.rel1.win32_1.1.0.202410251130/tools/bin/../lib/gcc/arm-none-eabi/12.3.1/thumb/v7-m/nofp/crtend.o
LOAD C:/ST/STM32CubeIDE_1.17.0/STM32CubeIDE/plugins/com.st.stm32cube.ide.mcu.externaltools.gnu-tools-for-stm32.12.3.rel1.win32_1.1.0.202410251130/tools/bin/../lib/gcc/arm-none-eabi/12.3.1/thumb/v7-m/nofp/crtn.o
                0x20005000                        _estack = (ORIGIN (RAM) + LENGTH (RAM))
                0x00000200                        _Min_Heap_Size = 0x200
                0x00000400                        _Min_Stack_Size = 0x400

.isr_vector     0x08004000      0x10c
                0x08004000                        . = ALIGN (0x4)
 *(.isr_vector)
 .isr_vector    0x08004000      0x10c ./Core/Startup/startup_stm32f103c8tx.o
                0x08004000                g_pfnVectors
                0x0800410c                        . = ALIGN (0x4)

.text           0x0800410c      0xe6c
                0x0800410c                        . = ALIGN (0x4)
 *(.text)
 .text          0x0800410c       0x40 C:/ST/STM32CubeIDE_1.17.0/STM32CubeIDE/plugins/com.st.stm32cube.ide.mcu.externaltools.gnu-tools-for-stm32.12.3.rel1.win32_1.1.0.202410251130/tools/bin/../lib/gcc/arm-none-eabi/12.3.1/thumb/v7-m/nofp/crtbegin.o
 *(.text*)
 .text.led_init
                0x0800414c       0x38 ./Core/Src/led.o
                0x0800414c                led_init
 .text.led_on   0x08004184       0x18 ./Core/Src/led.o
                0x08004184                led_on
 .text.led_off  0x0800419c       0x18 ./Core/Src/led.o
                0x0800419c                led_off
 .text.main     0x080041b4       0x60 ./Core/Src/main.o
                0x080041b4                main
 .text.SystemClock_Config
                0x08004214       0x76 ./Core/Src/main.o
                0x08004214                SystemClock_Config
 .text.Error_Handler
                0x0800428a        0xc ./Core/Src/main.o
                0x0800428a                Error_Handler
 *fill*         0x08004296        0x2 
 .text.HAL_MspInit
                0x08004298       0x44 ./Core/Src/stm32f1xx_hal_msp.o
                0x08004298                HAL_MspInit
 .text.NMI_Handler
                0x080042dc        0x8 ./Core/Src/stm32f1xx_it.o
                0x080042dc                NMI_Handler
 .text.HardFault_Handler
                0x080042e4        0x8 ./Core/Src/stm32f1xx_it.o
                0x080042e4                HardFault_Handler
 .text.MemManage_Handler
                0x080042ec        0x8 ./Core/Src/stm32f1xx_it.o
                0x080042ec                MemManage_Handler
 .text.BusFault_Handler
                0x080042f4        0x8 ./Core/Src/stm32f1xx_it.o
                0x080042f4                BusFault_Handler
 .text.UsageFault_Handler
                0x080042fc        0x8 ./Core/Src/stm32f1xx_it.o
                0x080042fc                UsageFault_Handler
 .text.SVC_Handler
                0x08004304        0xc ./Core/Src/stm32f1xx_it.o
                0x08004304                SVC_Handler
 .text.DebugMon_Handler
                0x08004310        0xc ./Core/Src/stm32f1xx_it.o
                0x08004310                DebugMon_Handler
 .text.PendSV_Handler
                0x0800431c        0xc ./Core/Src/stm32f1xx_it.o
                0x0800431c                PendSV_Handler
 .text.SysTick_Handler
                0x08004328        0xc ./Core/Src/stm32f1xx_it.o
                0x08004328                SysTick_Handler
 .text.SystemInit
                0x08004334       0x1c ./Core/Src/system_stm32f1xx.o
                0x08004334                SystemInit
 .text.uart1_init
                0x08004350       0x84 ./Core/Src/uart.o
                0x08004350                uart1_init
 .text.uart_tx  0x080043d4       0x2c ./Core/Src/uart.o
                0x080043d4                uart_tx
 .text.uart_string
                0x08004400       0x2a ./Core/Src/uart.o
                0x08004400                uart_string
 *fill*         0x0800442a        0x2 
 .text.Reset_Handler
                0x0800442c       0x48 ./Core/Startup/startup_stm32f103c8tx.o
                0x0800442c                Reset_Handler
 .text.Default_Handler
                0x08004474        0x2 ./Core/Startup/startup_stm32f103c8tx.o
                0x08004474                RTC_Alarm_IRQHandler
                0x08004474                EXTI2_IRQHandler
                0x08004474                TIM1_CC_IRQHandler
                0x08004474                PVD_IRQHandler
                0x08004474                EXTI3_IRQHandler
                0x08004474                EXTI0_IRQHandler
                0x08004474                I2C2_EV_IRQHandler
                0x08004474                ADC1_2_IRQHandler
                0x08004474                SPI1_IRQHandler
                0x08004474                TAMPER_IRQHandler
                0x08004474                DMA1_Channel4_IRQHandler
                0x08004474                USART3_IRQHandler
                0x08004474                RTC_IRQHandler
                0x08004474                DMA1_Channel7_IRQHandler
                0x08004474                CAN1_RX1_IRQHandler
                0x08004474                TIM4_IRQHandler
                0x08004474                I2C1_EV_IRQHandler
                0x08004474                DMA1_Channel6_IRQHandler
                0x08004474                TIM3_IRQHandler
                0x08004474                RCC_IRQHandler
                0x08004474                TIM1_TRG_COM_IRQHandler
                0x08004474                DMA1_Channel1_IRQHandler
                0x08004474                Default_Handler
                0x08004474                EXTI15_10_IRQHandler
                0x08004474                EXTI9_5_IRQHandler
                0x08004474                SPI2_IRQHandler
                0x08004474                DMA1_Channel5_IRQHandler
                0x08004474                EXTI4_IRQHandler
                0x08004474                USB_LP_CAN1_RX0_IRQHandler
                0x08004474                USB_HP_CAN1_TX_IRQHandler
                0x08004474                DMA1_Channel3_IRQHandler
                0x08004474                TIM1_UP_IRQHandler
                0x08004474                WWDG_IRQHandler
                0x08004474                TIM2_IRQHandler
                0x08004474                TIM1_BRK_IRQHandler
                0x08004474                EXTI1_IRQHandler
                0x08004474                USART2_IRQHandler
                0x08004474                I2C2_ER_IRQHandler
                0x08004474                DMA1_Channel2_IRQHandler
                0x08004474                CAN1_SCE_IRQHandler
                0x08004474                FLASH_IRQHandler
                0x08004474                USART1_IRQHandler
                0x08004474                I2C1_ER_IRQHandler
                0x08004474                USBWakeUp_IRQHandler
 *fill*         0x08004476        0x2 
 .text.HAL_Init
                0x08004478       0x2c ./Drivers/STM32F1xx_HAL_Driver/Src/stm32f1xx_hal.o
                0x08004478                HAL_Init
 .text.HAL_InitTick
                0x080044a4       0x60 ./Drivers/STM32F1xx_HAL_Driver/Src/stm32f1xx_hal.o
                0x080044a4                HAL_InitTick
 .text.HAL_IncTick
                0x08004504       0x24 ./Drivers/STM32F1xx_HAL_Driver/Src/stm32f1xx_hal.o
                0x08004504                HAL_IncTick
 .text.HAL_GetTick
                0x08004528       0x14 ./Drivers/STM32F1xx_HAL_Driver/Src/stm32f1xx_hal.o
                0x08004528                HAL_GetTick
 .text.HAL_Delay
                0x0800453c       0x48 ./Drivers/STM32F1xx_HAL_Driver/Src/stm32f1xx_hal.o
                0x0800453c                HAL_Delay
 .text.__NVIC_SetPriorityGrouping
                0x08004584       0x48 ./Drivers/STM32F1xx_HAL_Driver/Src/stm32f1xx_hal_cortex.o
 .text.__NVIC_GetPriorityGrouping
                0x080045cc       0x1c ./Drivers/STM32F1xx_HAL_Driver/Src/stm32f1xx_hal_cortex.o
 .text.__NVIC_SetPriority
                0x080045e8       0x54 ./Drivers/STM32F1xx_HAL_Driver/Src/stm32f1xx_hal_cortex.o
 .text.NVIC_EncodePriority
                0x0800463c       0x64 ./Drivers/STM32F1xx_HAL_Driver/Src/stm32f1xx_hal_cortex.o
 .text.SysTick_Config
                0x080046a0       0x44 ./Drivers/STM32F1xx_HAL_Driver/Src/stm32f1xx_hal_cortex.o
 .text.HAL_NVIC_SetPriorityGrouping
                0x080046e4       0x16 ./Drivers/STM32F1xx_HAL_Driver/Src/stm32f1xx_hal_cortex.o
                0x080046e4                HAL_NVIC_SetPriorityGrouping
 .text.HAL_NVIC_SetPriority
                0x080046fa       0x38 ./Drivers/STM32F1xx_HAL_Driver/Src/stm32f1xx_hal_cortex.o
                0x080046fa                HAL_NVIC_SetPriority
 .text.HAL_SYSTICK_Config
                0x08004732       0x18 ./Drivers/STM32F1xx_HAL_Driver/Src/stm32f1xx_hal_cortex.o
                0x08004732                HAL_SYSTICK_Config
 *fill*         0x0800474a        0x2 
 .text.HAL_RCC_OscConfig
                0x0800474c      0x504 ./Drivers/STM32F1xx_HAL_Driver/Src/stm32f1xx_hal_rcc.o
                0x0800474c                HAL_RCC_OscConfig
 .text.HAL_RCC_ClockConfig
                0x08004c50      0x1d4 ./Drivers/STM32F1xx_HAL_Driver/Src/stm32f1xx_hal_rcc.o
                0x08004c50                HAL_RCC_ClockConfig
 .text.HAL_RCC_GetSysClockFreq
                0x08004e24       0xa8 ./Drivers/STM32F1xx_HAL_Driver/Src/stm32f1xx_hal_rcc.o
                0x08004e24                HAL_RCC_GetSysClockFreq
 .text.RCC_Delay
                0x08004ecc       0x3c ./Drivers/STM32F1xx_HAL_Driver/Src/stm32f1xx_hal_rcc.o
 .text.memset   0x08004f08       0x10 C:/ST/STM32CubeIDE_1.17.0/STM32CubeIDE/plugins/com.st.stm32cube.ide.mcu.externaltools.gnu-tools-for-stm32.12.3.rel1.win32_1.1.0.202410251130/tools/bin/../lib/gcc/arm-none-eabi/12.3.1/../../../../arm-none-eabi/lib/thumb/v7-m/nofp\libc_nano.a(libc_a-memset.o)
                0x08004f08                memset
 .text.__libc_init_array
                0x08004f18       0x48 C:/ST/STM32CubeIDE_1.17.0/STM32CubeIDE/plugins/com.st.stm32cube.ide.mcu.externaltools.gnu-tools-for-stm32.12.3.rel1.win32_1.1.0.202410251130/tools/bin/../lib/gcc/arm-none-eabi/12.3.1/../../../../arm-none-eabi/lib/thumb/v7-m/nofp\libc_nano.a(libc_a-init.o)
                0x08004f18                __libc_init_array
 *(.glue_7)
 .glue_7        0x08004f60        0x0 linker stubs
 *(.glue_7t)
 .glue_7t       0x08004f60        0x0 linker stubs
 *(.eh_frame)
 .eh_frame      0x08004f60        0x0 C:/ST/STM32CubeIDE_1.17.0/STM32CubeIDE/plugins/com.st.stm32cube.ide.mcu.externaltools.gnu-tools-for-stm32.12.3.rel1.win32_1.1.0.202410251130/tools/bin/../lib/gcc/arm-none-eabi/12.3.1/thumb/v7-m/nofp/crtbegin.o
 *(.init)
 .init          0x08004f60        0x4 C:/ST/STM32CubeIDE_1.17.0/STM32CubeIDE/plugins/com.st.stm32cube.ide.mcu.externaltools.gnu-tools-for-stm32.12.3.rel1.win32_1.1.0.202410251130/tools/bin/../lib/gcc/arm-none-eabi/12.3.1/thumb/v7-m/nofp/crti.o
                0x08004f60                _init
 .init          0x08004f64        0x8 C:/ST/STM32CubeIDE_1.17.0/STM32CubeIDE/plugins/com.st.stm32cube.ide.mcu.externaltools.gnu-tools-for-stm32.12.3.rel1.win32_1.1.0.202410251130/tools/bin/../lib/gcc/arm-none-eabi/12.3.1/thumb/v7-m/nofp/crtn.o
 *(.fini)
 .fini          0x08004f6c        0x4 C:/ST/STM32CubeIDE_1.17.0/STM32CubeIDE/plugins/com.st.stm32cube.ide.mcu.externaltools.gnu-tools-for-stm32.12.3.rel1.win32_1.1.0.202410251130/tools/bin/../lib/gcc/arm-none-eabi/12.3.1/thumb/v7-m/nofp/crti.o
                0x08004f6c                _fini
 .fini          0x08004f70        0x8 C:/ST/STM32CubeIDE_1.17.0/STM32CubeIDE/plugins/com.st.stm32cube.ide.mcu.externaltools.gnu-tools-for-stm32.12.3.rel1.win32_1.1.0.202410251130/tools/bin/../lib/gcc/arm-none-eabi/12.3.1/thumb/v7-m/nofp/crtn.o
                0x08004f78                        . = ALIGN (0x4)
                0x08004f78                        _etext = .

.vfp11_veneer   0x08004f78        0x0
 .vfp11_veneer  0x08004f78        0x0 linker stubs

.v4_bx          0x08004f78        0x0
 .v4_bx         0x08004f78        0x0 linker stubs

.iplt           0x08004f78        0x0
 .iplt          0x08004f78        0x0 C:/ST/STM32CubeIDE_1.17.0/STM32CubeIDE/plugins/com.st.stm32cube.ide.mcu.externaltools.gnu-tools-for-stm32.12.3.rel1.win32_1.1.0.202410251130/tools/bin/../lib/gcc/arm-none-eabi/12.3.1/thumb/v7-m/nofp/crtbegin.o

.rodata         0x08004f78       0x70
                0x08004f78                        . = ALIGN (0x4)
 *(.rodata)
 .rodata        0x08004f78       0x4a ./Core/Src/main.o
 *(.rodata*)
 *fill*         0x08004fc2        0x2 
 .rodata.AHBPrescTable
                0x08004fc4       0x10 ./Core/Src/system_stm32f1xx.o
                0x08004fc4                AHBPrescTable
 .rodata.aPLLMULFactorTable.1
                0x08004fd4       0x10 ./Drivers/STM32F1xx_HAL_Driver/Src/stm32f1xx_hal_rcc.o
 .rodata.aPredivFactorTable.0
                0x08004fe4        0x2 ./Drivers/STM32F1xx_HAL_Driver/Src/stm32f1xx_hal_rcc.o
                0x08004fe8                        . = ALIGN (0x4)
 *fill*         0x08004fe6        0x2 

.ARM.extab      0x08004fe8        0x0
                0x08004fe8                        . = ALIGN (0x4)
 *(.ARM.extab* .gnu.linkonce.armextab.*)
                0x08004fe8                        . = ALIGN (0x4)

.ARM            0x08004fe8        0x0
                0x08004fe8                        . = ALIGN (0x4)
                0x08004fe8                        __exidx_start = .
 *(.ARM.exidx*)
                0x08004fe8                        __exidx_end = .
                0x08004fe8                        . = ALIGN (0x4)

.preinit_array  0x08004fe8        0x0
                0x08004fe8                        . = ALIGN (0x4)
                0x08004fe8                        PROVIDE (__preinit_array_start = .)
 *(.preinit_array*)
                0x08004fe8                        PROVIDE (__preinit_array_end = .)
                0x08004fe8                        . = ALIGN (0x4)

.init_array     0x08004fe8        0x4
                0x08004fe8                        . = ALIGN (0x4)
                0x08004fe8                        PROVIDE (__init_array_start = .)
 *(SORT_BY_NAME(.init_array.*))
 *(.init_array*)
 .init_array    0x08004fe8        0x4 C:/ST/STM32CubeIDE_1.17.0/STM32CubeIDE/plugins/com.st.stm32cube.ide.mcu.externaltools.gnu-tools-for-stm32.12.3.rel1.win32_1.1.0.202410251130/tools/bin/../lib/gcc/arm-none-eabi/12.3.1/thumb/v7-m/nofp/crtbegin.o
                0x08004fec                        PROVIDE (__init_array_end = .)
                0x08004fec                        . = ALIGN (0x4)

.fini_array     0x08004fec        0x4
                0x08004fec                        . = ALIGN (0x4)
                [!provide]                        PROVIDE (__fini_array_start = .)
 *(SORT_BY_NAME(.fini_array.*))
 *(.fini_array*)
 .fini_array    0x08004fec        0x4 C:/ST/STM32CubeIDE_1.17.0/STM32CubeIDE/plugins/com.st.stm32cube.ide.mcu.externaltools.gnu-tools-for-stm32.12.3.rel1.win32_1.1.0.202410251130/tools/bin/../lib/gcc/arm-none-eabi/12.3.1/thumb/v7-m/nofp/crtbegin.o
                [!provide]                        PROVIDE (__fini_array_end = .)
                0x08004ff0                        . = ALIGN (0x4)
                0x08004ff0                        _sidata = LOADADDR (.data)

.rel.dyn        0x08004ff0        0x0
 .rel.iplt      0x08004ff0        0x0 C:/ST/STM32CubeIDE_1.17.0/STM32CubeIDE/plugins/com.st.stm32cube.ide.mcu.externaltools.gnu-tools-for-stm32.12.3.rel1.win32_1.1.0.202410251130/tools/bin/../lib/gcc/arm-none-eabi/12.3.1/thumb/v7-m/nofp/crtbegin.o

.data           0x20000000        0xc load address 0x08004ff0
                0x20000000                        . = ALIGN (0x4)
                0x20000000                        _sdata = .
 *(.data)
 *(.data*)
 .data.SystemCoreClock
                0x20000000        0x4 ./Core/Src/system_stm32f1xx.o
                0x20000000                SystemCoreClock
 .data.uwTickPrio
                0x20000004        0x4 ./Drivers/STM32F1xx_HAL_Driver/Src/stm32f1xx_hal.o
                0x20000004                uwTickPrio
 .data.uwTickFreq
                0x20000008        0x1 ./Drivers/STM32F1xx_HAL_Driver/Src/stm32f1xx_hal.o
                0x20000008                uwTickFreq
 *(.RamFunc)
 *(.RamFunc*)
                0x2000000c                        . = ALIGN (0x4)
 *fill*         0x20000009        0x3 
                0x2000000c                        _edata = .

.igot.plt       0x2000000c        0x0 load address 0x08004ffc
 .igot.plt      0x2000000c        0x0 C:/ST/STM32CubeIDE_1.17.0/STM32CubeIDE/plugins/com.st.stm32cube.ide.mcu.externaltools.gnu-tools-for-stm32.12.3.rel1.win32_1.1.0.202410251130/tools/bin/../lib/gcc/arm-none-eabi/12.3.1/thumb/v7-m/nofp/crtbegin.o
                0x2000000c                        . = ALIGN (0x4)

.bss            0x2000000c       0x20 load address 0x08004ffc
                0x2000000c                        _sbss = .
                0x2000000c                        __bss_start__ = _sbss
 *(.bss)
 .bss           0x2000000c       0x1c C:/ST/STM32CubeIDE_1.17.0/STM32CubeIDE/plugins/com.st.stm32cube.ide.mcu.externaltools.gnu-tools-for-stm32.12.3.rel1.win32_1.1.0.202410251130/tools/bin/../lib/gcc/arm-none-eabi/12.3.1/thumb/v7-m/nofp/crtbegin.o
 *(.bss*)
 .bss.uwTick    0x20000028        0x4 ./Drivers/STM32F1xx_HAL_Driver/Src/stm32f1xx_hal.o
                0x20000028                uwTick
 *(COMMON)
                0x2000002c                        . = ALIGN (0x4)
                0x2000002c                        _ebss = .
                0x2000002c                        __bss_end__ = _ebss

._user_heap_stack
                0x2000002c      0x604 load address 0x08004ffc
                0x20000030                        . = ALIGN (0x8)
 *fill*         0x2000002c        0x4 
                [!provide]                        PROVIDE (end = .)
                0x20000030                        PROVIDE (_end = .)
                0x20000230                        . = (. + _Min_Heap_Size)
 *fill*         0x20000030      0x200 
                0x20000630                        . = (. + _Min_Stack_Size)
 *fill*         0x20000230      0x400 
                0x20000630                        . = ALIGN (0x8)

/DISCARD/
 libc.a(*)
 libm.a(*)
 libgcc.a(*)

.ARM.attributes
                0x00000000       0x29
 *(.ARM.attributes)
 .ARM.attributes
                0x00000000       0x1d C:/ST/STM32CubeIDE_1.17.0/STM32CubeIDE/plugins/com.st.stm32cube.ide.mcu.externaltools.gnu-tools-for-stm32.12.3.rel1.win32_1.1.0.202410251130/tools/bin/../lib/gcc/arm-none-eabi/12.3.1/thumb/v7-m/nofp/crti.o
 .ARM.attributes
                0x0000001d       0x2d C:/ST/STM32CubeIDE_1.17.0/STM32CubeIDE/plugins/com.st.stm32cube.ide.mcu.externaltools.gnu-tools-for-stm32.12.3.rel1.win32_1.1.0.202410251130/tools/bin/../lib/gcc/arm-none-eabi/12.3.1/thumb/v7-m/nofp/crtbegin.o
 .ARM.attributes
                0x0000004a       0x2d ./Core/Src/led.o
 .ARM.attributes
                0x00000077       0x2d ./Core/Src/main.o
 .ARM.attributes
                0x000000a4       0x2d ./Core/Src/stm32f1xx_hal_msp.o
 .ARM.attributes
                0x000000d1       0x2d ./Core/Src/stm32f1xx_it.o
 .ARM.attributes
                0x000000fe       0x2d ./Core/Src/system_stm32f1xx.o
 .ARM.attributes
                0x0000012b       0x2d ./Core/Src/uart.o
 .ARM.attributes
                0x00000158       0x21 ./Core/Startup/startup_stm32f103c8tx.o
 .ARM.attributes
                0x00000179       0x2d ./Drivers/STM32F1xx_HAL_Driver/Src/stm32f1xx_hal.o
 .ARM.attributes
                0x000001a6       0x2d ./Drivers/STM32F1xx_HAL_Driver/Src/stm32f1xx_hal_cortex.o
 .ARM.attributes
                0x000001d3       0x2d ./Drivers/STM32F1xx_HAL_Driver/Src/stm32f1xx_hal_rcc.o
 .ARM.attributes
                0x00000200       0x2d C:/ST/STM32CubeIDE_1.17.0/STM32CubeIDE/plugins/com.st.stm32cube.ide.mcu.externaltools.gnu-tools-for-stm32.12.3.rel1.win32_1.1.0.202410251130/tools/bin/../lib/gcc/arm-none-eabi/12.3.1/../../../../arm-none-eabi/lib/thumb/v7-m/nofp\libc_nano.a(libc_a-memset.o)
 .ARM.attributes
                0x0000022d       0x2d C:/ST/STM32CubeIDE_1.17.0/STM32CubeIDE/plugins/com.st.stm32cube.ide.mcu.externaltools.gnu-tools-for-stm32.12.3.rel1.win32_1.1.0.202410251130/tools/bin/../lib/gcc/arm-none-eabi/12.3.1/../../../../arm-none-eabi/lib/thumb/v7-m/nofp\libc_nano.a(libc_a-init.o)
 .ARM.attributes
                0x0000025a       0x1d C:/ST/STM32CubeIDE_1.17.0/STM32CubeIDE/plugins/com.st.stm32cube.ide.mcu.externaltools.gnu-tools-for-stm32.12.3.rel1.win32_1.1.0.202410251130/tools/bin/../lib/gcc/arm-none-eabi/12.3.1/thumb/v7-m/nofp/crtn.o
OUTPUT(application.elf elf32-littlearm)
LOAD linker stubs
LOAD C:/ST/STM32CubeIDE_1.17.0/STM32CubeIDE/plugins/com.st.stm32cube.ide.mcu.externaltools.gnu-tools-for-stm32.12.3.rel1.win32_1.1.0.202410251130/tools/bin/../lib/gcc/arm-none-eabi/12.3.1/../../../../arm-none-eabi/lib/thumb/v7-m/nofp\libc.a
LOAD C:/ST/STM32CubeIDE_1.17.0/STM32CubeIDE/plugins/com.st.stm32cube.ide.mcu.externaltools.gnu-tools-for-stm32.12.3.rel1.win32_1.1.0.202410251130/tools/bin/../lib/gcc/arm-none-eabi/12.3.1/../../../../arm-none-eabi/lib/thumb/v7-m/nofp\libm.a
LOAD C:/ST/STM32CubeIDE_1.17.0/STM32CubeIDE/plugins/com.st.stm32cube.ide.mcu.externaltools.gnu-tools-for-stm32.12.3.rel1.win32_1.1.0.202410251130/tools/bin/../lib/gcc/arm-none-eabi/12.3.1/thumb/v7-m/nofp\libgcc.a

.debug_info     0x00000000     0x27e0
 .debug_info    0x00000000      0x1b8 ./Core/Src/led.o
 .debug_info    0x000001b8      0x2e3 ./Core/Src/main.o
 .debug_info    0x0000049b      0x169 ./Core/Src/stm32f1xx_hal_msp.o
 .debug_info    0x00000604      0x113 ./Core/Src/stm32f1xx_it.o
 .debug_info    0x00000717      0x3ed ./Core/Src/system_stm32f1xx.o
 .debug_info    0x00000b04      0x34c ./Core/Src/uart.o
 .debug_info    0x00000e50       0x30 ./Core/Startup/startup_stm32f103c8tx.o
 .debug_info    0x00000e80      0x704 ./Drivers/STM32F1xx_HAL_Driver/Src/stm32f1xx_hal.o
 .debug_info    0x00001584      0xa87 ./Drivers/STM32F1xx_HAL_Driver/Src/stm32f1xx_hal_cortex.o
 .debug_info    0x0000200b      0x7d5 ./Drivers/STM32F1xx_HAL_Driver/Src/stm32f1xx_hal_rcc.o

.debug_abbrev   0x00000000      0xdda
 .debug_abbrev  0x00000000       0xa3 ./Core/Src/led.o
 .debug_abbrev  0x000000a3      0x1a2 ./Core/Src/main.o
 .debug_abbrev  0x00000245       0xc6 ./Core/Src/stm32f1xx_hal_msp.o
 .debug_abbrev  0x0000030b       0x73 ./Core/Src/stm32f1xx_it.o
 .debug_abbrev  0x0000037e      0x13d ./Core/Src/system_stm32f1xx.o
 .debug_abbrev  0x000004bb      0x14f ./Core/Src/uart.o
 .debug_abbrev  0x0000060a       0x24 ./Core/Startup/startup_stm32f103c8tx.o
 .debug_abbrev  0x0000062e      0x201 ./Drivers/STM32F1xx_HAL_Driver/Src/stm32f1xx_hal.o
 .debug_abbrev  0x0000082f      0x2f8 ./Drivers/STM32F1xx_HAL_Driver/Src/stm32f1xx_hal_cortex.o
 .debug_abbrev  0x00000b27      0x2b3 ./Drivers/STM32F1xx_HAL_Driver/Src/stm32f1xx_hal_rcc.o

.debug_aranges  0x00000000      0x3e8
 .debug_aranges
                0x00000000       0x30 ./Core/Src/led.o
 .debug_aranges
                0x00000030       0x30 ./Core/Src/main.o
 .debug_aranges
                0x00000060       0x20 ./Core/Src/stm32f1xx_hal_msp.o
 .debug_aranges
                0x00000080       0x60 ./Core/Src/stm32f1xx_it.o
 .debug_aranges
                0x000000e0       0x28 ./Core/Src/system_stm32f1xx.o
 .debug_aranges
                0x00000108       0x48 ./Core/Src/uart.o
 .debug_aranges
                0x00000150       0x28 ./Core/Startup/startup_stm32f103c8tx.o
 .debug_aranges
                0x00000178       0xe0 ./Drivers/STM32F1xx_HAL_Driver/Src/stm32f1xx_hal.o
 .debug_aranges
                0x00000258      0x100 ./Drivers/STM32F1xx_HAL_Driver/Src/stm32f1xx_hal_cortex.o
 .debug_aranges
                0x00000358       0x90 ./Drivers/STM32F1xx_HAL_Driver/Src/stm32f1xx_hal_rcc.o

.debug_rnglists
                0x00000000      0x2c5
 .debug_rnglists
                0x00000000       0x1f ./Core/Src/led.o
 .debug_rnglists
                0x0000001f       0x1f ./Core/Src/main.o
 .debug_rnglists
                0x0000003e       0x13 ./Core/Src/stm32f1xx_hal_msp.o
 .debug_rnglists
                0x00000051       0x43 ./Core/Src/stm32f1xx_it.o
 .debug_rnglists
                0x00000094       0x1a ./Core/Src/system_stm32f1xx.o
 .debug_rnglists
                0x000000ae       0x34 ./Core/Src/uart.o
 .debug_rnglists
                0x000000e2       0x19 ./Core/Startup/startup_stm32f103c8tx.o
 .debug_rnglists
                0x000000fb       0xa3 ./Drivers/STM32F1xx_HAL_Driver/Src/stm32f1xx_hal.o
 .debug_rnglists
                0x0000019e       0xbb ./Drivers/STM32F1xx_HAL_Driver/Src/stm32f1xx_hal_cortex.o
 .debug_rnglists
                0x00000259       0x6c ./Drivers/STM32F1xx_HAL_Driver/Src/stm32f1xx_hal_rcc.o

.debug_macro    0x00000000    0x15c09
 .debug_macro   0x00000000      0x18e ./Core/Src/led.o
 .debug_macro   0x0000018e      0xaa8 ./Core/Src/led.o
 .debug_macro   0x00000c36      0x209 ./Core/Src/led.o
 .debug_macro   0x00000e3f       0x2e ./Core/Src/led.o
 .debug_macro   0x00000e6d       0x22 ./Core/Src/led.o
 .debug_macro   0x00000e8f       0x22 ./Core/Src/led.o
 .debug_macro   0x00000eb1       0x8e ./Core/Src/led.o
 .debug_macro   0x00000f3f       0x51 ./Core/Src/led.o
 .debug_macro   0x00000f90      0x103 ./Core/Src/led.o
 .debug_macro   0x00001093       0x6a ./Core/Src/led.o
 .debug_macro   0x000010fd      0x1df ./Core/Src/led.o
 .debug_macro   0x000012dc       0x1c ./Core/Src/led.o
 .debug_macro   0x000012f8       0x22 ./Core/Src/led.o
 .debug_macro   0x0000131a       0xbd ./Core/Src/led.o
 .debug_macro   0x000013d7      0xd23 ./Core/Src/led.o
 .debug_macro   0x000020fa     0xe09e ./Core/Src/led.o
 .debug_macro   0x00010198       0x6d ./Core/Src/led.o
 .debug_macro   0x00010205     0x34a2 ./Core/Src/led.o
 .debug_macro   0x000136a7      0x189 ./Core/Src/led.o
 .debug_macro   0x00013830       0x5c ./Core/Src/led.o
 .debug_macro   0x0001388c      0x5bc ./Core/Src/led.o
 .debug_macro   0x00013e48      0x289 ./Core/Src/led.o
 .debug_macro   0x000140d1      0x1cb ./Core/Src/led.o
 .debug_macro   0x0001429c      0x114 ./Core/Src/led.o
 .debug_macro   0x000143b0      0x1b2 ./Core/Src/led.o
 .debug_macro   0x00014562       0x27 ./Core/Src/led.o
 .debug_macro   0x00014589      0x136 ./Core/Src/led.o
 .debug_macro   0x000146bf      0x1bc ./Core/Src/led.o
 .debug_macro   0x0001487b       0x34 ./Core/Src/led.o
 .debug_macro   0x000148af       0x3c ./Core/Src/led.o
 .debug_macro   0x000148eb       0x57 ./Core/Src/led.o
 .debug_macro   0x00014942       0x87 ./Core/Src/led.o
 .debug_macro   0x000149c9      0x240 ./Core/Src/led.o
 .debug_macro   0x00014c09      0x140 ./Core/Src/led.o
 .debug_macro   0x00014d49       0x83 ./Core/Src/led.o
 .debug_macro   0x00014dcc      0x18e ./Core/Src/main.o
 .debug_macro   0x00014f5a      0x18e ./Core/Src/stm32f1xx_hal_msp.o
 .debug_macro   0x000150e8      0x198 ./Core/Src/stm32f1xx_it.o
 .debug_macro   0x00015280      0x196 ./Core/Src/system_stm32f1xx.o
 .debug_macro   0x00015416      0x2a4 ./Core/Src/uart.o
 .debug_macro   0x000156ba       0x61 ./Core/Src/uart.o
 .debug_macro   0x0001571b       0x16 ./Core/Src/uart.o
 .debug_macro   0x00015731       0x16 ./Core/Src/uart.o
 .debug_macro   0x00015747      0x1a8 ./Drivers/STM32F1xx_HAL_Driver/Src/stm32f1xx_hal.o
 .debug_macro   0x000158ef      0x184 ./Drivers/STM32F1xx_HAL_Driver/Src/stm32f1xx_hal_cortex.o
 .debug_macro   0x00015a73      0x196 ./Drivers/STM32F1xx_HAL_Driver/Src/stm32f1xx_hal_rcc.o

.debug_line     0x00000000     0x4fce
 .debug_line    0x00000000      0x6e5 ./Core/Src/led.o
 .debug_line    0x000006e5      0x751 ./Core/Src/main.o
 .debug_line    0x00000e36      0x6b3 ./Core/Src/stm32f1xx_hal_msp.o
 .debug_line    0x000014e9      0x776 ./Core/Src/stm32f1xx_it.o
 .debug_line    0x00001c5f      0x73a ./Core/Src/system_stm32f1xx.o
 .debug_line    0x00002399      0x9ab ./Core/Src/uart.o
 .debug_line    0x00002d44       0x78 ./Core/Startup/startup_stm32f103c8tx.o
 .debug_line    0x00002dbc      0x95f ./Drivers/STM32F1xx_HAL_Driver/Src/stm32f1xx_hal.o
 .debug_line    0x0000371b      0xb4b ./Drivers/STM32F1xx_HAL_Driver/Src/stm32f1xx_hal_cortex.o
 .debug_line    0x00004266      0xd68 ./Drivers/STM32F1xx_HAL_Driver/Src/stm32f1xx_hal_rcc.o

.debug_str      0x00000000    0x7f150
 .debug_str     0x00000000    0x7aa0f ./Core/Src/led.o
                              0x7ad3e (size before relaxing)
 .debug_str     0x0007aa0f      0x1df ./Core/Src/main.o
                              0x7aeb5 (size before relaxing)
 .debug_str     0x0007abee       0x33 ./Core/Src/stm32f1xx_hal_msp.o
                              0x7ad30 (size before relaxing)
 .debug_str     0x0007ac21       0xc9 ./Core/Src/stm32f1xx_it.o
                              0x7ad73 (size before relaxing)
 .debug_str     0x0007acea      0x13a ./Core/Src/system_stm32f1xx.o
                              0x7ae3b (size before relaxing)
 .debug_str     0x0007ae24     0x3815 ./Core/Src/uart.o
                              0x7e56a (size before relaxing)
 .debug_str     0x0007e639       0x44 ./Core/Startup/startup_stm32f103c8tx.o
                                 0x83 (size before relaxing)
 .debug_str     0x0007e67d      0x60e ./Drivers/STM32F1xx_HAL_Driver/Src/stm32f1xx_hal.o
                              0x7b4bc (size before relaxing)
 .debug_str     0x0007ec8b      0x267 ./Drivers/STM32F1xx_HAL_Driver/Src/stm32f1xx_hal_cortex.o
                              0x7b408 (size before relaxing)
 .debug_str     0x0007eef2      0x25e ./Drivers/STM32F1xx_HAL_Driver/Src/stm32f1xx_hal_rcc.o
                              0x7b1b8 (size before relaxing)

.comment        0x00000000       0x43
 .comment       0x00000000       0x43 ./Core/Src/led.o
                                 0x44 (size before relaxing)
 .comment       0x00000043       0x44 ./Core/Src/main.o
 .comment       0x00000043       0x44 ./Core/Src/stm32f1xx_hal_msp.o
 .comment       0x00000043       0x44 ./Core/Src/stm32f1xx_it.o
 .comment       0x00000043       0x44 ./Core/Src/system_stm32f1xx.o
 .comment       0x00000043       0x44 ./Core/Src/uart.o
 .comment       0x00000043       0x44 ./Drivers/STM32F1xx_HAL_Driver/Src/stm32f1xx_hal.o
 .comment       0x00000043       0x44 ./Drivers/STM32F1xx_HAL_Driver/Src/stm32f1xx_hal_cortex.o
 .comment       0x00000043       0x44 ./Drivers/STM32F1xx_HAL_Driver/Src/stm32f1xx_hal_rcc.o

.debug_frame    0x00000000      0xd10
 .debug_frame   0x00000000       0x70 ./Core/Src/led.o
 .debug_frame   0x00000070       0x68 ./Core/Src/main.o
 .debug_frame   0x000000d8       0x38 ./Core/Src/stm32f1xx_hal_msp.o
 .debug_frame   0x00000110      0x104 ./Core/Src/stm32f1xx_it.o
 .debug_frame   0x00000214       0x58 ./Core/Src/system_stm32f1xx.o
 .debug_frame   0x0000026c       0xe4 ./Core/Src/uart.o
 .debug_frame   0x00000350      0x334 ./Drivers/STM32F1xx_HAL_Driver/Src/stm32f1xx_hal.o
 .debug_frame   0x00000684      0x428 ./Drivers/STM32F1xx_HAL_Driver/Src/stm32f1xx_hal_cortex.o
 .debug_frame   0x00000aac      0x218 ./Drivers/STM32F1xx_HAL_Driver/Src/stm32f1xx_hal_rcc.o
 .debug_frame   0x00000cc4       0x20 C:/ST/STM32CubeIDE_1.17.0/STM32CubeIDE/plugins/com.st.stm32cube.ide.mcu.externaltools.gnu-tools-for-stm32.12.3.rel1.win32_1.1.0.202410251130/tools/bin/../lib/gcc/arm-none-eabi/12.3.1/../../../../arm-none-eabi/lib/thumb/v7-m/nofp\libc_nano.a(libc_a-memset.o)
 .debug_frame   0x00000ce4       0x2c C:/ST/STM32CubeIDE_1.17.0/STM32CubeIDE/plugins/com.st.stm32cube.ide.mcu.externaltools.gnu-tools-for-stm32.12.3.rel1.win32_1.1.0.202410251130/tools/bin/../lib/gcc/arm-none-eabi/12.3.1/../../../../arm-none-eabi/lib/thumb/v7-m/nofp\libc_nano.a(libc_a-init.o)

.debug_line_str
                0x00000000       0x67
 .debug_line_str
                0x00000000       0x67 ./Core/Startup/startup_stm32f103c8tx.o
