23:58:22 **** Incremental Build of configuration Debug for project application ****
make -j8 all 
arm-none-eabi-gcc "../Core/Src/main.c" -mcpu=cortex-m3 -std=gnu11 -g3 -DDEBUG -DUSE_HAL_DRIVER -DSTM32F103xB -c -I../Core/Inc -I../Drivers/STM32F1xx_HAL_Driver/Inc/Legacy -I../Drivers/STM32F1xx_HAL_Driver/Inc -I../Drivers/CMSIS/Device/ST/STM32F1xx/Include -I../Drivers/CMSIS/Include -O0 -ffunction-sections -fdata-sections -Wall -fstack-usage -fcyclomatic-complexity -MMD -MP -MF"Core/Src/main.d" -MT"Core/Src/main.o" --specs=nano.specs -mfloat-abi=soft -mthumb -o "Core/Src/main.o"
arm-none-eabi-gcc -o "application.elf" @"objects.list"   -mcpu=cortex-m3 -T"C:\Users\maday\STM32CubeIDE\workspace_1.17.0\application\STM32F103C8TX_FLASH.ld" --specs=nosys.specs -Wl,-Map="application.map" -Wl,--gc-sections -static --specs=nano.specs -mfloat-abi=soft -mthumb -Wl,--start-group -lc -lm -Wl,--end-group
Finished building target: application.elf
 
arm-none-eabi-size  application.elf 
arm-none-eabi-objdump -h -S application.elf  > "application.list"
arm-none-eabi-objcopy  -O ihex application.elf  "application.hex"
   text	   data	    bss	    dec	    hex	filename
   4080	     12	   1572	   5664	   1620	application.elf
Finished building: default.size.stdout
 
Finished building: application.hex
 
Finished building: application.list
 

23:58:22 Build Finished. 0 errors, 0 warnings. (took 845ms)

