19:47:03 **** Incremental Build of configuration Debug for project can_compressor ****
make -j8 all 
arm-none-eabi-gcc -o "can_compressor.elf" @"objects.list"   -mcpu=cortex-m3 -T"C:\Users\maday\STM32CubeIDE\workspace_1.17.0\can_compressor\STM32F103CBTX_FLASH.ld" --specs=nosys.specs -Wl,-Map="can_compressor.map" -Wl,--gc-sections -static --specs=nano.specs -mfloat-abi=soft -mthumb -Wl,--start-group -lc -lm -Wl,--end-group
Finished building target: can_compressor.elf
 
arm-none-eabi-size  can_compressor.elf 
arm-none-eabi-objdump -h -S can_compressor.elf  > "can_compressor.list"
arm-none-eabi-objcopy  -O ihex can_compressor.elf  "can_compressor.hex"
   text	   data	    bss	    dec	    hex	filename
   4152	     12	   1572	   5736	   1668	can_compressor.elf
Finished building: default.size.stdout
 
Finished building: can_compressor.list
 
Finished building: can_compressor.hex
 

19:47:04 Build Finished. 0 errors, 0 warnings. (took 759ms)

