07:11:47 **** Build of configuration Debug for project uart_by_peripheral_method ****
make -j8 all 
arm-none-eabi-gcc "../Drivers/STM32F1xx_HAL_Driver/Src/stm32f1xx_hal.c" -mcpu=cortex-m3 -std=gnu11 -g3 -DDEBUG -DUSE_HAL_DRIVER -DSTM32F103xB -c -I../Core/Inc -I../Drivers/STM32F1xx_HAL_Driver/Inc/Legacy -I../Drivers/STM32F1xx_HAL_Driver/Inc -I../Drivers/CMSIS/Device/ST/STM32F1xx/Include -I../Drivers/CMSIS/Include -O0 -ffunction-sections -fdata-sections -Wall -fstack-usage -fcyclomatic-complexity -MMD -MP -MF"Drivers/STM32F1xx_HAL_Driver/Src/stm32f1xx_hal.d" -MT"Drivers/STM32F1xx_HAL_Driver/Src/stm32f1xx_hal.o" --specs=nano.specs -mfloat-abi=soft -mthumb -o "Drivers/STM32F1xx_HAL_Driver/Src/stm32f1xx_hal.o"
arm-none-eabi-gcc "../Drivers/STM32F1xx_HAL_Driver/Src/stm32f1xx_hal_cortex.c" -mcpu=cortex-m3 -std=gnu11 -g3 -DDEBUG -DUSE_HAL_DRIVER -DSTM32F103xB -c -I../Core/Inc -I../Drivers/STM32F1xx_HAL_Driver/Inc/Legacy -I../Drivers/STM32F1xx_HAL_Driver/Inc -I../Drivers/CMSIS/Device/ST/STM32F1xx/Include -I../Drivers/CMSIS/Include -O0 -ffunction-sections -fdata-sections -Wall -fstack-usage -fcyclomatic-complexity -MMD -MP -MF"Drivers/STM32F1xx_HAL_Driver/Src/stm32f1xx_hal_cortex.d" -MT"Drivers/STM32F1xx_HAL_Driver/Src/stm32f1xx_hal_cortex.o" --specs=nano.specs -mfloat-abi=soft -mthumb -o "Drivers/STM32F1xx_HAL_Driver/Src/stm32f1xx_hal_cortex.o"
arm-none-eabi-gcc "../Drivers/STM32F1xx_HAL_Driver/Src/stm32f1xx_hal_dma.c" -mcpu=cortex-m3 -std=gnu11 -g3 -DDEBUG -DUSE_HAL_DRIVER -DSTM32F103xB -c -I../Core/Inc -I../Drivers/STM32F1xx_HAL_Driver/Inc/Legacy -I../Drivers/STM32F1xx_HAL_Driver/Inc -I../Drivers/CMSIS/Device/ST/STM32F1xx/Include -I../Drivers/CMSIS/Include -O0 -ffunction-sections -fdata-sections -Wall -fstack-usage -fcyclomatic-complexity -MMD -MP -MF"Drivers/STM32F1xx_HAL_Driver/Src/stm32f1xx_hal_dma.d" -MT"Drivers/STM32F1xx_HAL_Driver/Src/stm32f1xx_hal_dma.o" --specs=nano.specs -mfloat-abi=soft -mthumb -o "Drivers/STM32F1xx_HAL_Driver/Src/stm32f1xx_hal_dma.o"
arm-none-eabi-gcc "../Drivers/STM32F1xx_HAL_Driver/Src/stm32f1xx_hal_exti.c" -mcpu=cortex-m3 -std=gnu11 -g3 -DDEBUG -DUSE_HAL_DRIVER -DSTM32F103xB -c -I../Core/Inc -I../Drivers/STM32F1xx_HAL_Driver/Inc/Legacy -I../Drivers/STM32F1xx_HAL_Driver/Inc -I../Drivers/CMSIS/Device/ST/STM32F1xx/Include -I../Drivers/CMSIS/Include -O0 -ffunction-sections -fdata-sections -Wall -fstack-usage -fcyclomatic-complexity -MMD -MP -MF"Drivers/STM32F1xx_HAL_Driver/Src/stm32f1xx_hal_exti.d" -MT"Drivers/STM32F1xx_HAL_Driver/Src/stm32f1xx_hal_exti.o" --specs=nano.specs -mfloat-abi=soft -mthumb -o "Drivers/STM32F1xx_HAL_Driver/Src/stm32f1xx_hal_exti.o"
arm-none-eabi-gcc "../Drivers/STM32F1xx_HAL_Driver/Src/stm32f1xx_hal_flash.c" -mcpu=cortex-m3 -std=gnu11 -g3 -DDEBUG -DUSE_HAL_DRIVER -DSTM32F103xB -c -I../Core/Inc -I../Drivers/STM32F1xx_HAL_Driver/Inc/Legacy -I../Drivers/STM32F1xx_HAL_Driver/Inc -I../Drivers/CMSIS/Device/ST/STM32F1xx/Include -I../Drivers/CMSIS/Include -O0 -ffunction-sections -fdata-sections -Wall -fstack-usage -fcyclomatic-complexity -MMD -MP -MF"Drivers/STM32F1xx_HAL_Driver/Src/stm32f1xx_hal_flash.d" -MT"Drivers/STM32F1xx_HAL_Driver/Src/stm32f1xx_hal_flash.o" --specs=nano.specs -mfloat-abi=soft -mthumb -o "Drivers/STM32F1xx_HAL_Driver/Src/stm32f1xx_hal_flash.o"
arm-none-eabi-gcc "../Drivers/STM32F1xx_HAL_Driver/Src/stm32f1xx_hal_flash_ex.c" -mcpu=cortex-m3 -std=gnu11 -g3 -DDEBUG -DUSE_HAL_DRIVER -DSTM32F103xB -c -I../Core/Inc -I../Drivers/STM32F1xx_HAL_Driver/Inc/Legacy -I../Drivers/STM32F1xx_HAL_Driver/Inc -I../Drivers/CMSIS/Device/ST/STM32F1xx/Include -I../Drivers/CMSIS/Include -O0 -ffunction-sections -fdata-sections -Wall -fstack-usage -fcyclomatic-complexity -MMD -MP -MF"Drivers/STM32F1xx_HAL_Driver/Src/stm32f1xx_hal_flash_ex.d" -MT"Drivers/STM32F1xx_HAL_Driver/Src/stm32f1xx_hal_flash_ex.o" --specs=nano.specs -mfloat-abi=soft -mthumb -o "Drivers/STM32F1xx_HAL_Driver/Src/stm32f1xx_hal_flash_ex.o"
arm-none-eabi-gcc "../Drivers/STM32F1xx_HAL_Driver/Src/stm32f1xx_hal_gpio.c" -mcpu=cortex-m3 -std=gnu11 -g3 -DDEBUG -DUSE_HAL_DRIVER -DSTM32F103xB -c -I../Core/Inc -I../Drivers/STM32F1xx_HAL_Driver/Inc/Legacy -I../Drivers/STM32F1xx_HAL_Driver/Inc -I../Drivers/CMSIS/Device/ST/STM32F1xx/Include -I../Drivers/CMSIS/Include -O0 -ffunction-sections -fdata-sections -Wall -fstack-usage -fcyclomatic-complexity -MMD -MP -MF"Drivers/STM32F1xx_HAL_Driver/Src/stm32f1xx_hal_gpio.d" -MT"Drivers/STM32F1xx_HAL_Driver/Src/stm32f1xx_hal_gpio.o" --specs=nano.specs -mfloat-abi=soft -mthumb -o "Drivers/STM32F1xx_HAL_Driver/Src/stm32f1xx_hal_gpio.o"
arm-none-eabi-gcc "../Drivers/STM32F1xx_HAL_Driver/Src/stm32f1xx_hal_gpio_ex.c" -mcpu=cortex-m3 -std=gnu11 -g3 -DDEBUG -DUSE_HAL_DRIVER -DSTM32F103xB -c -I../Core/Inc -I../Drivers/STM32F1xx_HAL_Driver/Inc/Legacy -I../Drivers/STM32F1xx_HAL_Driver/Inc -I../Drivers/CMSIS/Device/ST/STM32F1xx/Include -I../Drivers/CMSIS/Include -O0 -ffunction-sections -fdata-sections -Wall -fstack-usage -fcyclomatic-complexity -MMD -MP -MF"Drivers/STM32F1xx_HAL_Driver/Src/stm32f1xx_hal_gpio_ex.d" -MT"Drivers/STM32F1xx_HAL_Driver/Src/stm32f1xx_hal_gpio_ex.o" --specs=nano.specs -mfloat-abi=soft -mthumb -o "Drivers/STM32F1xx_HAL_Driver/Src/stm32f1xx_hal_gpio_ex.o"
arm-none-eabi-gcc "../Drivers/STM32F1xx_HAL_Driver/Src/stm32f1xx_hal_pwr.c" -mcpu=cortex-m3 -std=gnu11 -g3 -DDEBUG -DUSE_HAL_DRIVER -DSTM32F103xB -c -I../Core/Inc -I../Drivers/STM32F1xx_HAL_Driver/Inc/Legacy -I../Drivers/STM32F1xx_HAL_Driver/Inc -I../Drivers/CMSIS/Device/ST/STM32F1xx/Include -I../Drivers/CMSIS/Include -O0 -ffunction-sections -fdata-sections -Wall -fstack-usage -fcyclomatic-complexity -MMD -MP -MF"Drivers/STM32F1xx_HAL_Driver/Src/stm32f1xx_hal_pwr.d" -MT"Drivers/STM32F1xx_HAL_Driver/Src/stm32f1xx_hal_pwr.o" --specs=nano.specs -mfloat-abi=soft -mthumb -o "Drivers/STM32F1xx_HAL_Driver/Src/stm32f1xx_hal_pwr.o"
arm-none-eabi-gcc "../Drivers/STM32F1xx_HAL_Driver/Src/stm32f1xx_hal_rcc.c" -mcpu=cortex-m3 -std=gnu11 -g3 -DDEBUG -DUSE_HAL_DRIVER -DSTM32F103xB -c -I../Core/Inc -I../Drivers/STM32F1xx_HAL_Driver/Inc/Legacy -I../Drivers/STM32F1xx_HAL_Driver/Inc -I../Drivers/CMSIS/Device/ST/STM32F1xx/Include -I../Drivers/CMSIS/Include -O0 -ffunction-sections -fdata-sections -Wall -fstack-usage -fcyclomatic-complexity -MMD -MP -MF"Drivers/STM32F1xx_HAL_Driver/Src/stm32f1xx_hal_rcc.d" -MT"Drivers/STM32F1xx_HAL_Driver/Src/stm32f1xx_hal_rcc.o" --specs=nano.specs -mfloat-abi=soft -mthumb -o "Drivers/STM32F1xx_HAL_Driver/Src/stm32f1xx_hal_rcc.o"
arm-none-eabi-gcc "../Drivers/STM32F1xx_HAL_Driver/Src/stm32f1xx_hal_rcc_ex.c" -mcpu=cortex-m3 -std=gnu11 -g3 -DDEBUG -DUSE_HAL_DRIVER -DSTM32F103xB -c -I../Core/Inc -I../Drivers/STM32F1xx_HAL_Driver/Inc/Legacy -I../Drivers/STM32F1xx_HAL_Driver/Inc -I../Drivers/CMSIS/Device/ST/STM32F1xx/Include -I../Drivers/CMSIS/Include -O0 -ffunction-sections -fdata-sections -Wall -fstack-usage -fcyclomatic-complexity -MMD -MP -MF"Drivers/STM32F1xx_HAL_Driver/Src/stm32f1xx_hal_rcc_ex.d" -MT"Drivers/STM32F1xx_HAL_Driver/Src/stm32f1xx_hal_rcc_ex.o" --specs=nano.specs -mfloat-abi=soft -mthumb -o "Drivers/STM32F1xx_HAL_Driver/Src/stm32f1xx_hal_rcc_ex.o"
arm-none-eabi-gcc -mcpu=cortex-m3 -g3 -DDEBUG -c -x assembler-with-cpp -MMD -MP -MF"Core/Startup/startup_stm32f103cbtx.d" -MT"Core/Startup/startup_stm32f103cbtx.o" --specs=nano.specs -mfloat-abi=soft -mthumb -o "Core/Startup/startup_stm32f103cbtx.o" "../Core/Startup/startup_stm32f103cbtx.s"
arm-none-eabi-gcc "../Core/Src/main.c" -mcpu=cortex-m3 -std=gnu11 -g3 -DDEBUG -DUSE_HAL_DRIVER -DSTM32F103xB -c -I../Core/Inc -I../Drivers/STM32F1xx_HAL_Driver/Inc/Legacy -I../Drivers/STM32F1xx_HAL_Driver/Inc -I../Drivers/CMSIS/Device/ST/STM32F1xx/Include -I../Drivers/CMSIS/Include -O0 -ffunction-sections -fdata-sections -Wall -fstack-usage -fcyclomatic-complexity -MMD -MP -MF"Core/Src/main.d" -MT"Core/Src/main.o" --specs=nano.specs -mfloat-abi=soft -mthumb -o "Core/Src/main.o"
arm-none-eabi-gcc "../Core/Src/stm32f1xx_hal_msp.c" -mcpu=cortex-m3 -std=gnu11 -g3 -DDEBUG -DUSE_HAL_DRIVER -DSTM32F103xB -c -I../Core/Inc -I../Drivers/STM32F1xx_HAL_Driver/Inc/Legacy -I../Drivers/STM32F1xx_HAL_Driver/Inc -I../Drivers/CMSIS/Device/ST/STM32F1xx/Include -I../Drivers/CMSIS/Include -O0 -ffunction-sections -fdata-sections -Wall -fstack-usage -fcyclomatic-complexity -MMD -MP -MF"Core/Src/stm32f1xx_hal_msp.d" -MT"Core/Src/stm32f1xx_hal_msp.o" --specs=nano.specs -mfloat-abi=soft -mthumb -o "Core/Src/stm32f1xx_hal_msp.o"
arm-none-eabi-gcc "../Core/Src/stm32f1xx_it.c" -mcpu=cortex-m3 -std=gnu11 -g3 -DDEBUG -DUSE_HAL_DRIVER -DSTM32F103xB -c -I../Core/Inc -I../Drivers/STM32F1xx_HAL_Driver/Inc/Legacy -I../Drivers/STM32F1xx_HAL_Driver/Inc -I../Drivers/CMSIS/Device/ST/STM32F1xx/Include -I../Drivers/CMSIS/Include -O0 -ffunction-sections -fdata-sections -Wall -fstack-usage -fcyclomatic-complexity -MMD -MP -MF"Core/Src/stm32f1xx_it.d" -MT"Core/Src/stm32f1xx_it.o" --specs=nano.specs -mfloat-abi=soft -mthumb -o "Core/Src/stm32f1xx_it.o"
arm-none-eabi-gcc "../Core/Src/syscalls.c" -mcpu=cortex-m3 -std=gnu11 -g3 -DDEBUG -DUSE_HAL_DRIVER -DSTM32F103xB -c -I../Core/Inc -I../Drivers/STM32F1xx_HAL_Driver/Inc/Legacy -I../Drivers/STM32F1xx_HAL_Driver/Inc -I../Drivers/CMSIS/Device/ST/STM32F1xx/Include -I../Drivers/CMSIS/Include -O0 -ffunction-sections -fdata-sections -Wall -fstack-usage -fcyclomatic-complexity -MMD -MP -MF"Core/Src/syscalls.d" -MT"Core/Src/syscalls.o" --specs=nano.specs -mfloat-abi=soft -mthumb -o "Core/Src/syscalls.o"
arm-none-eabi-gcc "../Core/Src/sysmem.c" -mcpu=cortex-m3 -std=gnu11 -g3 -DDEBUG -DUSE_HAL_DRIVER -DSTM32F103xB -c -I../Core/Inc -I../Drivers/STM32F1xx_HAL_Driver/Inc/Legacy -I../Drivers/STM32F1xx_HAL_Driver/Inc -I../Drivers/CMSIS/Device/ST/STM32F1xx/Include -I../Drivers/CMSIS/Include -O0 -ffunction-sections -fdata-sections -Wall -fstack-usage -fcyclomatic-complexity -MMD -MP -MF"Core/Src/sysmem.d" -MT"Core/Src/sysmem.o" --specs=nano.specs -mfloat-abi=soft -mthumb -o "Core/Src/sysmem.o"
arm-none-eabi-gcc "../Core/Src/system_stm32f1xx.c" -mcpu=cortex-m3 -std=gnu11 -g3 -DDEBUG -DUSE_HAL_DRIVER -DSTM32F103xB -c -I../Core/Inc -I../Drivers/STM32F1xx_HAL_Driver/Inc/Legacy -I../Drivers/STM32F1xx_HAL_Driver/Inc -I../Drivers/CMSIS/Device/ST/STM32F1xx/Include -I../Drivers/CMSIS/Include -O0 -ffunction-sections -fdata-sections -Wall -fstack-usage -fcyclomatic-complexity -MMD -MP -MF"Core/Src/system_stm32f1xx.d" -MT"Core/Src/system_stm32f1xx.o" --specs=nano.specs -mfloat-abi=soft -mthumb -o "Core/Src/system_stm32f1xx.o"
arm-none-eabi-gcc -o "uart_by_peripheral_method.elf" @"objects.list"   -mcpu=cortex-m3 -T"C:\Users\maday\STM32CubeIDE\workspace_1.17.0\uart_by_peripheral_method\STM32F103CBTX_FLASH.ld" --specs=nosys.specs -Wl,-Map="uart_by_peripheral_method.map" -Wl,--gc-sections -static --specs=nano.specs -mfloat-abi=soft -mthumb -Wl,--start-group -lc -lm -Wl,--end-group
Finished building target: uart_by_peripheral_method.elf
 
arm-none-eabi-size  uart_by_peripheral_method.elf 
arm-none-eabi-objdump -h -S uart_by_peripheral_method.elf  > "uart_by_peripheral_method.list"
arm-none-eabi-objcopy  -O ihex uart_by_peripheral_method.elf  "uart_by_peripheral_method.hex"
   text	   data	    bss	    dec	    hex	filename
   3512	     12	   1572	   5096	   13e8	uart_by_peripheral_method.elf
Finished building: default.size.stdout
 
Finished building: uart_by_peripheral_method.hex
 
Finished building: uart_by_peripheral_method.list
 
07:12:04 **** Incremental Build of configuration Debug for project uart_by_peripheral_method ****
make -j8 all 
arm-none-eabi-gcc "../Core/Src/main.c" -mcpu=cortex-m3 -std=gnu11 -g3 -DDEBUG -DUSE_HAL_DRIVER -DSTM32F103xB -c -I../Core/Inc -I../Drivers/STM32F1xx_HAL_Driver/Inc/Legacy -I../Drivers/STM32F1xx_HAL_Driver/Inc -I../Drivers/CMSIS/Device/ST/STM32F1xx/Include -I../Drivers/CMSIS/Include -O0 -ffunction-sections -fdata-sections -Wall -fstack-usage -fcyclomatic-complexity -MMD -MP -MF"Core/Src/main.d" -MT"Core/Src/main.o" --specs=nano.specs -mfloat-abi=soft -mthumb -o "Core/Src/main.o"
arm-none-eabi-gcc -o "uart_by_peripheral_method.elf" @"objects.list"   -mcpu=cortex-m3 -T"C:\Users\maday\STM32CubeIDE\workspace_1.17.0\uart_by_peripheral_method\STM32F103CBTX_FLASH.ld" --specs=nosys.specs -Wl,-Map="uart_by_peripheral_method.map" -Wl,--gc-sections -static --specs=nano.specs -mfloat-abi=soft -mthumb -Wl,--start-group -lc -lm -Wl,--end-group
Finished building target: uart_by_peripheral_method.elf
 
arm-none-eabi-size  uart_by_peripheral_method.elf 
arm-none-eabi-objdump -h -S uart_by_peripheral_method.elf  > "uart_by_peripheral_method.list"
arm-none-eabi-objcopy  -O ihex uart_by_peripheral_method.elf  "uart_by_peripheral_method.hex"
   text	   data	    bss	    dec	    hex	filename
   3676	     12	   1572	   5260	   148c	uart_by_peripheral_method.elf
Finished building: default.size.stdout
 
Finished building: uart_by_peripheral_method.hex
 
Finished building: uart_by_peripheral_method.list
 
07:12:36 **** Incremental Build of configuration Debug for project uart_by_peripheral_method ****
make -j8 all 
arm-none-eabi-size  uart_by_peripheral_method.elf 
   text	   data	    bss	    dec	    hex	filename
   3676	     12	   1572	   5260	   148c	uart_by_peripheral_method.elf
Finished building: default.size.stdout
 
19:59:41 **** Incremental Build of configuration Debug for project uart_by_peripheral_method ****
make -j8 all 
arm-none-eabi-gcc "../Drivers/STM32F1xx_HAL_Driver/Src/stm32f1xx_hal.c" -mcpu=cortex-m3 -std=gnu11 -g3 -DDEBUG -DUSE_HAL_DRIVER -DSTM32F103xB -c -I../Core/Inc -I../Drivers/STM32F1xx_HAL_Driver/Inc/Legacy -I../Drivers/STM32F1xx_HAL_Driver/Inc -I../Drivers/CMSIS/Device/ST/STM32F1xx/Include -I../Drivers/CMSIS/Include -O0 -ffunction-sections -fdata-sections -Wall -fstack-usage -fcyclomatic-complexity -MMD -MP -MF"Drivers/STM32F1xx_HAL_Driver/Src/stm32f1xx_hal.d" -MT"Drivers/STM32F1xx_HAL_Driver/Src/stm32f1xx_hal.o" --specs=nano.specs -mfloat-abi=soft -mthumb -o "Drivers/STM32F1xx_HAL_Driver/Src/stm32f1xx_hal.o"
arm-none-eabi-gcc "../Drivers/STM32F1xx_HAL_Driver/Src/stm32f1xx_hal_cortex.c" -mcpu=cortex-m3 -std=gnu11 -g3 -DDEBUG -DUSE_HAL_DRIVER -DSTM32F103xB -c -I../Core/Inc -I../Drivers/STM32F1xx_HAL_Driver/Inc/Legacy -I../Drivers/STM32F1xx_HAL_Driver/Inc -I../Drivers/CMSIS/Device/ST/STM32F1xx/Include -I../Drivers/CMSIS/Include -O0 -ffunction-sections -fdata-sections -Wall -fstack-usage -fcyclomatic-complexity -MMD -MP -MF"Drivers/STM32F1xx_HAL_Driver/Src/stm32f1xx_hal_cortex.d" -MT"Drivers/STM32F1xx_HAL_Driver/Src/stm32f1xx_hal_cortex.o" --specs=nano.specs -mfloat-abi=soft -mthumb -o "Drivers/STM32F1xx_HAL_Driver/Src/stm32f1xx_hal_cortex.o"
arm-none-eabi-gcc "../Drivers/STM32F1xx_HAL_Driver/Src/stm32f1xx_hal_dma.c" -mcpu=cortex-m3 -std=gnu11 -g3 -DDEBUG -DUSE_HAL_DRIVER -DSTM32F103xB -c -I../Core/Inc -I../Drivers/STM32F1xx_HAL_Driver/Inc/Legacy -I../Drivers/STM32F1xx_HAL_Driver/Inc -I../Drivers/CMSIS/Device/ST/STM32F1xx/Include -I../Drivers/CMSIS/Include -O0 -ffunction-sections -fdata-sections -Wall -fstack-usage -fcyclomatic-complexity -MMD -MP -MF"Drivers/STM32F1xx_HAL_Driver/Src/stm32f1xx_hal_dma.d" -MT"Drivers/STM32F1xx_HAL_Driver/Src/stm32f1xx_hal_dma.o" --specs=nano.specs -mfloat-abi=soft -mthumb -o "Drivers/STM32F1xx_HAL_Driver/Src/stm32f1xx_hal_dma.o"
arm-none-eabi-gcc "../Drivers/STM32F1xx_HAL_Driver/Src/stm32f1xx_hal_exti.c" -mcpu=cortex-m3 -std=gnu11 -g3 -DDEBUG -DUSE_HAL_DRIVER -DSTM32F103xB -c -I../Core/Inc -I../Drivers/STM32F1xx_HAL_Driver/Inc/Legacy -I../Drivers/STM32F1xx_HAL_Driver/Inc -I../Drivers/CMSIS/Device/ST/STM32F1xx/Include -I../Drivers/CMSIS/Include -O0 -ffunction-sections -fdata-sections -Wall -fstack-usage -fcyclomatic-complexity -MMD -MP -MF"Drivers/STM32F1xx_HAL_Driver/Src/stm32f1xx_hal_exti.d" -MT"Drivers/STM32F1xx_HAL_Driver/Src/stm32f1xx_hal_exti.o" --specs=nano.specs -mfloat-abi=soft -mthumb -o "Drivers/STM32F1xx_HAL_Driver/Src/stm32f1xx_hal_exti.o"
arm-none-eabi-gcc "../Drivers/STM32F1xx_HAL_Driver/Src/stm32f1xx_hal_flash.c" -mcpu=cortex-m3 -std=gnu11 -g3 -DDEBUG -DUSE_HAL_DRIVER -DSTM32F103xB -c -I../Core/Inc -I../Drivers/STM32F1xx_HAL_Driver/Inc/Legacy -I../Drivers/STM32F1xx_HAL_Driver/Inc -I../Drivers/CMSIS/Device/ST/STM32F1xx/Include -I../Drivers/CMSIS/Include -O0 -ffunction-sections -fdata-sections -Wall -fstack-usage -fcyclomatic-complexity -MMD -MP -MF"Drivers/STM32F1xx_HAL_Driver/Src/stm32f1xx_hal_flash.d" -MT"Drivers/STM32F1xx_HAL_Driver/Src/stm32f1xx_hal_flash.o" --specs=nano.specs -mfloat-abi=soft -mthumb -o "Drivers/STM32F1xx_HAL_Driver/Src/stm32f1xx_hal_flash.o"
arm-none-eabi-gcc "../Drivers/STM32F1xx_HAL_Driver/Src/stm32f1xx_hal_flash_ex.c" -mcpu=cortex-m3 -std=gnu11 -g3 -DDEBUG -DUSE_HAL_DRIVER -DSTM32F103xB -c -I../Core/Inc -I../Drivers/STM32F1xx_HAL_Driver/Inc/Legacy -I../Drivers/STM32F1xx_HAL_Driver/Inc -I../Drivers/CMSIS/Device/ST/STM32F1xx/Include -I../Drivers/CMSIS/Include -O0 -ffunction-sections -fdata-sections -Wall -fstack-usage -fcyclomatic-complexity -MMD -MP -MF"Drivers/STM32F1xx_HAL_Driver/Src/stm32f1xx_hal_flash_ex.d" -MT"Drivers/STM32F1xx_HAL_Driver/Src/stm32f1xx_hal_flash_ex.o" --specs=nano.specs -mfloat-abi=soft -mthumb -o "Drivers/STM32F1xx_HAL_Driver/Src/stm32f1xx_hal_flash_ex.o"
arm-none-eabi-gcc "../Drivers/STM32F1xx_HAL_Driver/Src/stm32f1xx_hal_gpio.c" -mcpu=cortex-m3 -std=gnu11 -g3 -DDEBUG -DUSE_HAL_DRIVER -DSTM32F103xB -c -I../Core/Inc -I../Drivers/STM32F1xx_HAL_Driver/Inc/Legacy -I../Drivers/STM32F1xx_HAL_Driver/Inc -I../Drivers/CMSIS/Device/ST/STM32F1xx/Include -I../Drivers/CMSIS/Include -O0 -ffunction-sections -fdata-sections -Wall -fstack-usage -fcyclomatic-complexity -MMD -MP -MF"Drivers/STM32F1xx_HAL_Driver/Src/stm32f1xx_hal_gpio.d" -MT"Drivers/STM32F1xx_HAL_Driver/Src/stm32f1xx_hal_gpio.o" --specs=nano.specs -mfloat-abi=soft -mthumb -o "Drivers/STM32F1xx_HAL_Driver/Src/stm32f1xx_hal_gpio.o"
arm-none-eabi-gcc "../Drivers/STM32F1xx_HAL_Driver/Src/stm32f1xx_hal_gpio_ex.c" -mcpu=cortex-m3 -std=gnu11 -g3 -DDEBUG -DUSE_HAL_DRIVER -DSTM32F103xB -c -I../Core/Inc -I../Drivers/STM32F1xx_HAL_Driver/Inc/Legacy -I../Drivers/STM32F1xx_HAL_Driver/Inc -I../Drivers/CMSIS/Device/ST/STM32F1xx/Include -I../Drivers/CMSIS/Include -O0 -ffunction-sections -fdata-sections -Wall -fstack-usage -fcyclomatic-complexity -MMD -MP -MF"Drivers/STM32F1xx_HAL_Driver/Src/stm32f1xx_hal_gpio_ex.d" -MT"Drivers/STM32F1xx_HAL_Driver/Src/stm32f1xx_hal_gpio_ex.o" --specs=nano.specs -mfloat-abi=soft -mthumb -o "Drivers/STM32F1xx_HAL_Driver/Src/stm32f1xx_hal_gpio_ex.o"
arm-none-eabi-gcc "../Drivers/STM32F1xx_HAL_Driver/Src/stm32f1xx_hal_pwr.c" -mcpu=cortex-m3 -std=gnu11 -g3 -DDEBUG -DUSE_HAL_DRIVER -DSTM32F103xB -c -I../Core/Inc -I../Drivers/STM32F1xx_HAL_Driver/Inc/Legacy -I../Drivers/STM32F1xx_HAL_Driver/Inc -I../Drivers/CMSIS/Device/ST/STM32F1xx/Include -I../Drivers/CMSIS/Include -O0 -ffunction-sections -fdata-sections -Wall -fstack-usage -fcyclomatic-complexity -MMD -MP -MF"Drivers/STM32F1xx_HAL_Driver/Src/stm32f1xx_hal_pwr.d" -MT"Drivers/STM32F1xx_HAL_Driver/Src/stm32f1xx_hal_pwr.o" --specs=nano.specs -mfloat-abi=soft -mthumb -o "Drivers/STM32F1xx_HAL_Driver/Src/stm32f1xx_hal_pwr.o"
arm-none-eabi-gcc "../Drivers/STM32F1xx_HAL_Driver/Src/stm32f1xx_hal_rcc.c" -mcpu=cortex-m3 -std=gnu11 -g3 -DDEBUG -DUSE_HAL_DRIVER -DSTM32F103xB -c -I../Core/Inc -I../Drivers/STM32F1xx_HAL_Driver/Inc/Legacy -I../Drivers/STM32F1xx_HAL_Driver/Inc -I../Drivers/CMSIS/Device/ST/STM32F1xx/Include -I../Drivers/CMSIS/Include -O0 -ffunction-sections -fdata-sections -Wall -fstack-usage -fcyclomatic-complexity -MMD -MP -MF"Drivers/STM32F1xx_HAL_Driver/Src/stm32f1xx_hal_rcc.d" -MT"Drivers/STM32F1xx_HAL_Driver/Src/stm32f1xx_hal_rcc.o" --specs=nano.specs -mfloat-abi=soft -mthumb -o "Drivers/STM32F1xx_HAL_Driver/Src/stm32f1xx_hal_rcc.o"
arm-none-eabi-gcc "../Drivers/STM32F1xx_HAL_Driver/Src/stm32f1xx_hal_rcc_ex.c" -mcpu=cortex-m3 -std=gnu11 -g3 -DDEBUG -DUSE_HAL_DRIVER -DSTM32F103xB -c -I../Core/Inc -I../Drivers/STM32F1xx_HAL_Driver/Inc/Legacy -I../Drivers/STM32F1xx_HAL_Driver/Inc -I../Drivers/CMSIS/Device/ST/STM32F1xx/Include -I../Drivers/CMSIS/Include -O0 -ffunction-sections -fdata-sections -Wall -fstack-usage -fcyclomatic-complexity -MMD -MP -MF"Drivers/STM32F1xx_HAL_Driver/Src/stm32f1xx_hal_rcc_ex.d" -MT"Drivers/STM32F1xx_HAL_Driver/Src/stm32f1xx_hal_rcc_ex.o" --specs=nano.specs -mfloat-abi=soft -mthumb -o "Drivers/STM32F1xx_HAL_Driver/Src/stm32f1xx_hal_rcc_ex.o"
arm-none-eabi-gcc "../Core/Src/main.c" -mcpu=cortex-m3 -std=gnu11 -g3 -DDEBUG -DUSE_HAL_DRIVER -DSTM32F103xB -c -I../Core/Inc -I../Drivers/STM32F1xx_HAL_Driver/Inc/Legacy -I../Drivers/STM32F1xx_HAL_Driver/Inc -I../Drivers/CMSIS/Device/ST/STM32F1xx/Include -I../Drivers/CMSIS/Include -O0 -ffunction-sections -fdata-sections -Wall -fstack-usage -fcyclomatic-complexity -MMD -MP -MF"Core/Src/main.d" -MT"Core/Src/main.o" --specs=nano.specs -mfloat-abi=soft -mthumb -o "Core/Src/main.o"
arm-none-eabi-gcc "../Core/Src/stm32f1xx_hal_msp.c" -mcpu=cortex-m3 -std=gnu11 -g3 -DDEBUG -DUSE_HAL_DRIVER -DSTM32F103xB -c -I../Core/Inc -I../Drivers/STM32F1xx_HAL_Driver/Inc/Legacy -I../Drivers/STM32F1xx_HAL_Driver/Inc -I../Drivers/CMSIS/Device/ST/STM32F1xx/Include -I../Drivers/CMSIS/Include -O0 -ffunction-sections -fdata-sections -Wall -fstack-usage -fcyclomatic-complexity -MMD -MP -MF"Core/Src/stm32f1xx_hal_msp.d" -MT"Core/Src/stm32f1xx_hal_msp.o" --specs=nano.specs -mfloat-abi=soft -mthumb -o "Core/Src/stm32f1xx_hal_msp.o"
arm-none-eabi-gcc "../Core/Src/stm32f1xx_it.c" -mcpu=cortex-m3 -std=gnu11 -g3 -DDEBUG -DUSE_HAL_DRIVER -DSTM32F103xB -c -I../Core/Inc -I../Drivers/STM32F1xx_HAL_Driver/Inc/Legacy -I../Drivers/STM32F1xx_HAL_Driver/Inc -I../Drivers/CMSIS/Device/ST/STM32F1xx/Include -I../Drivers/CMSIS/Include -O0 -ffunction-sections -fdata-sections -Wall -fstack-usage -fcyclomatic-complexity -MMD -MP -MF"Core/Src/stm32f1xx_it.d" -MT"Core/Src/stm32f1xx_it.o" --specs=nano.specs -mfloat-abi=soft -mthumb -o "Core/Src/stm32f1xx_it.o"
arm-none-eabi-gcc "../Core/Src/system_stm32f1xx.c" -mcpu=cortex-m3 -std=gnu11 -g3 -DDEBUG -DUSE_HAL_DRIVER -DSTM32F103xB -c -I../Core/Inc -I../Drivers/STM32F1xx_HAL_Driver/Inc/Legacy -I../Drivers/STM32F1xx_HAL_Driver/Inc -I../Drivers/CMSIS/Device/ST/STM32F1xx/Include -I../Drivers/CMSIS/Include -O0 -ffunction-sections -fdata-sections -Wall -fstack-usage -fcyclomatic-complexity -MMD -MP -MF"Core/Src/system_stm32f1xx.d" -MT"Core/Src/system_stm32f1xx.o" --specs=nano.specs -mfloat-abi=soft -mthumb -o "Core/Src/system_stm32f1xx.o"
arm-none-eabi-gcc -o "uart_by_peripheral_method.elf" @"objects.list"   -mcpu=cortex-m3 -T"C:\Users\maday\STM32CubeIDE\workspace_1.17.0\uart_by_peripheral_method\STM32F103CBTX_FLASH.ld" --specs=nosys.specs -Wl,-Map="uart_by_peripheral_method.map" -Wl,--gc-sections -static --specs=nano.specs -mfloat-abi=soft -mthumb -Wl,--start-group -lc -lm -Wl,--end-group
Finished building target: uart_by_peripheral_method.elf
 
arm-none-eabi-size  uart_by_peripheral_method.elf 
arm-none-eabi-objdump -h -S uart_by_peripheral_method.elf  > "uart_by_peripheral_method.list"
arm-none-eabi-objcopy  -O ihex uart_by_peripheral_method.elf  "uart_by_peripheral_method.hex"
   text	   data	    bss	    dec	    hex	filename
   3756	     12	   1572	   5340	   14dc	uart_by_peripheral_method.elf
Finished building: default.size.stdout
 
Finished building: uart_by_peripheral_method.hex
 
Finished building: uart_by_peripheral_method.list
 
20:00:08 **** Incremental Build of configuration Debug for project uart_by_peripheral_method ****
make -j8 all 
arm-none-eabi-size  uart_by_peripheral_method.elf 
   text	   data	    bss	    dec	    hex	filename
   3756	     12	   1572	   5340	   14dc	uart_by_peripheral_method.elf
Finished building: default.size.stdout
 
20:00:38 **** Incremental Build of configuration Debug for project uart_by_peripheral_method ****
make -j8 all 
arm-none-eabi-size  uart_by_peripheral_method.elf 
   text	   data	    bss	    dec	    hex	filename
   3756	     12	   1572	   5340	   14dc	uart_by_peripheral_method.elf
Finished building: default.size.stdout
 
20:01:02 **** Incremental Build of configuration Debug for project uart_by_peripheral_method ****
make -j8 all 
arm-none-eabi-size  uart_by_peripheral_method.elf 
   text	   data	    bss	    dec	    hex	filename
   3756	     12	   1572	   5340	   14dc	uart_by_peripheral_method.elf
Finished building: default.size.stdout
 
22:09:17 **** Incremental Build of configuration Debug for project uart_by_peripheral_method ****
make -j8 all 
arm-none-eabi-gcc "../Core/Src/main.c" -mcpu=cortex-m3 -std=gnu11 -g3 -DDEBUG -DUSE_HAL_DRIVER -DSTM32F103xB -c -I../Core/Inc -I../Drivers/STM32F1xx_HAL_Driver/Inc/Legacy -I../Drivers/STM32F1xx_HAL_Driver/Inc -I../Drivers/CMSIS/Device/ST/STM32F1xx/Include -I../Drivers/CMSIS/Include -O0 -ffunction-sections -fdata-sections -Wall -fstack-usage -fcyclomatic-complexity -MMD -MP -MF"Core/Src/main.d" -MT"Core/Src/main.o" --specs=nano.specs -mfloat-abi=soft -mthumb -o "Core/Src/main.o"
arm-none-eabi-gcc -o "uart_by_peripheral_method.elf" @"objects.list"   -mcpu=cortex-m3 -T"C:\Users\maday\STM32CubeIDE\workspace_1.17.0\uart_by_peripheral_method\STM32F103CBTX_FLASH.ld" --specs=nosys.specs -Wl,-Map="uart_by_peripheral_method.map" -Wl,--gc-sections -static --specs=nano.specs -mfloat-abi=soft -mthumb -Wl,--start-group -lc -lm -Wl,--end-group
Finished building target: uart_by_peripheral_method.elf
 
arm-none-eabi-size  uart_by_peripheral_method.elf 
arm-none-eabi-objdump -h -S uart_by_peripheral_method.elf  > "uart_by_peripheral_method.list"
arm-none-eabi-objcopy  -O ihex uart_by_peripheral_method.elf  "uart_by_peripheral_method.hex"
   text	   data	    bss	    dec	    hex	filename
   3704	     12	   1572	   5288	   14a8	uart_by_peripheral_method.elf
Finished building: default.size.stdout
 
Finished building: uart_by_peripheral_method.hex
 
Finished building: uart_by_peripheral_method.list
 
19:45:08 **** Build of configuration Debug for project can_compressor ****
make -j8 all 
arm-none-eabi-gcc "../Drivers/STM32F1xx_HAL_Driver/Src/stm32f1xx_hal.c" -mcpu=cortex-m3 -std=gnu11 -g3 -DDEBUG -DUSE_HAL_DRIVER -DSTM32F103xB -c -I../Core/Inc -I../Drivers/STM32F1xx_HAL_Driver/Inc/Legacy -I../Drivers/STM32F1xx_HAL_Driver/Inc -I../Drivers/CMSIS/Device/ST/STM32F1xx/Include -I../Drivers/CMSIS/Include -O0 -ffunction-sections -fdata-sections -Wall -fstack-usage -fcyclomatic-complexity -MMD -MP -MF"Drivers/STM32F1xx_HAL_Driver/Src/stm32f1xx_hal.d" -MT"Drivers/STM32F1xx_HAL_Driver/Src/stm32f1xx_hal.o" --specs=nano.specs -mfloat-abi=soft -mthumb -o "Drivers/STM32F1xx_HAL_Driver/Src/stm32f1xx_hal.o"
arm-none-eabi-gcc "../Drivers/STM32F1xx_HAL_Driver/Src/stm32f1xx_hal_cortex.c" -mcpu=cortex-m3 -std=gnu11 -g3 -DDEBUG -DUSE_HAL_DRIVER -DSTM32F103xB -c -I../Core/Inc -I../Drivers/STM32F1xx_HAL_Driver/Inc/Legacy -I../Drivers/STM32F1xx_HAL_Driver/Inc -I../Drivers/CMSIS/Device/ST/STM32F1xx/Include -I../Drivers/CMSIS/Include -O0 -ffunction-sections -fdata-sections -Wall -fstack-usage -fcyclomatic-complexity -MMD -MP -MF"Drivers/STM32F1xx_HAL_Driver/Src/stm32f1xx_hal_cortex.d" -MT"Drivers/STM32F1xx_HAL_Driver/Src/stm32f1xx_hal_cortex.o" --specs=nano.specs -mfloat-abi=soft -mthumb -o "Drivers/STM32F1xx_HAL_Driver/Src/stm32f1xx_hal_cortex.o"
arm-none-eabi-gcc "../Drivers/STM32F1xx_HAL_Driver/Src/stm32f1xx_hal_dma.c" -mcpu=cortex-m3 -std=gnu11 -g3 -DDEBUG -DUSE_HAL_DRIVER -DSTM32F103xB -c -I../Core/Inc -I../Drivers/STM32F1xx_HAL_Driver/Inc/Legacy -I../Drivers/STM32F1xx_HAL_Driver/Inc -I../Drivers/CMSIS/Device/ST/STM32F1xx/Include -I../Drivers/CMSIS/Include -O0 -ffunction-sections -fdata-sections -Wall -fstack-usage -fcyclomatic-complexity -MMD -MP -MF"Drivers/STM32F1xx_HAL_Driver/Src/stm32f1xx_hal_dma.d" -MT"Drivers/STM32F1xx_HAL_Driver/Src/stm32f1xx_hal_dma.o" --specs=nano.specs -mfloat-abi=soft -mthumb -o "Drivers/STM32F1xx_HAL_Driver/Src/stm32f1xx_hal_dma.o"
arm-none-eabi-gcc "../Drivers/STM32F1xx_HAL_Driver/Src/stm32f1xx_hal_exti.c" -mcpu=cortex-m3 -std=gnu11 -g3 -DDEBUG -DUSE_HAL_DRIVER -DSTM32F103xB -c -I../Core/Inc -I../Drivers/STM32F1xx_HAL_Driver/Inc/Legacy -I../Drivers/STM32F1xx_HAL_Driver/Inc -I../Drivers/CMSIS/Device/ST/STM32F1xx/Include -I../Drivers/CMSIS/Include -O0 -ffunction-sections -fdata-sections -Wall -fstack-usage -fcyclomatic-complexity -MMD -MP -MF"Drivers/STM32F1xx_HAL_Driver/Src/stm32f1xx_hal_exti.d" -MT"Drivers/STM32F1xx_HAL_Driver/Src/stm32f1xx_hal_exti.o" --specs=nano.specs -mfloat-abi=soft -mthumb -o "Drivers/STM32F1xx_HAL_Driver/Src/stm32f1xx_hal_exti.o"
arm-none-eabi-gcc "../Drivers/STM32F1xx_HAL_Driver/Src/stm32f1xx_hal_flash.c" -mcpu=cortex-m3 -std=gnu11 -g3 -DDEBUG -DUSE_HAL_DRIVER -DSTM32F103xB -c -I../Core/Inc -I../Drivers/STM32F1xx_HAL_Driver/Inc/Legacy -I../Drivers/STM32F1xx_HAL_Driver/Inc -I../Drivers/CMSIS/Device/ST/STM32F1xx/Include -I../Drivers/CMSIS/Include -O0 -ffunction-sections -fdata-sections -Wall -fstack-usage -fcyclomatic-complexity -MMD -MP -MF"Drivers/STM32F1xx_HAL_Driver/Src/stm32f1xx_hal_flash.d" -MT"Drivers/STM32F1xx_HAL_Driver/Src/stm32f1xx_hal_flash.o" --specs=nano.specs -mfloat-abi=soft -mthumb -o "Drivers/STM32F1xx_HAL_Driver/Src/stm32f1xx_hal_flash.o"
arm-none-eabi-gcc "../Drivers/STM32F1xx_HAL_Driver/Src/stm32f1xx_hal_flash_ex.c" -mcpu=cortex-m3 -std=gnu11 -g3 -DDEBUG -DUSE_HAL_DRIVER -DSTM32F103xB -c -I../Core/Inc -I../Drivers/STM32F1xx_HAL_Driver/Inc/Legacy -I../Drivers/STM32F1xx_HAL_Driver/Inc -I../Drivers/CMSIS/Device/ST/STM32F1xx/Include -I../Drivers/CMSIS/Include -O0 -ffunction-sections -fdata-sections -Wall -fstack-usage -fcyclomatic-complexity -MMD -MP -MF"Drivers/STM32F1xx_HAL_Driver/Src/stm32f1xx_hal_flash_ex.d" -MT"Drivers/STM32F1xx_HAL_Driver/Src/stm32f1xx_hal_flash_ex.o" --specs=nano.specs -mfloat-abi=soft -mthumb -o "Drivers/STM32F1xx_HAL_Driver/Src/stm32f1xx_hal_flash_ex.o"
arm-none-eabi-gcc "../Drivers/STM32F1xx_HAL_Driver/Src/stm32f1xx_hal_gpio.c" -mcpu=cortex-m3 -std=gnu11 -g3 -DDEBUG -DUSE_HAL_DRIVER -DSTM32F103xB -c -I../Core/Inc -I../Drivers/STM32F1xx_HAL_Driver/Inc/Legacy -I../Drivers/STM32F1xx_HAL_Driver/Inc -I../Drivers/CMSIS/Device/ST/STM32F1xx/Include -I../Drivers/CMSIS/Include -O0 -ffunction-sections -fdata-sections -Wall -fstack-usage -fcyclomatic-complexity -MMD -MP -MF"Drivers/STM32F1xx_HAL_Driver/Src/stm32f1xx_hal_gpio.d" -MT"Drivers/STM32F1xx_HAL_Driver/Src/stm32f1xx_hal_gpio.o" --specs=nano.specs -mfloat-abi=soft -mthumb -o "Drivers/STM32F1xx_HAL_Driver/Src/stm32f1xx_hal_gpio.o"
arm-none-eabi-gcc "../Drivers/STM32F1xx_HAL_Driver/Src/stm32f1xx_hal_gpio_ex.c" -mcpu=cortex-m3 -std=gnu11 -g3 -DDEBUG -DUSE_HAL_DRIVER -DSTM32F103xB -c -I../Core/Inc -I../Drivers/STM32F1xx_HAL_Driver/Inc/Legacy -I../Drivers/STM32F1xx_HAL_Driver/Inc -I../Drivers/CMSIS/Device/ST/STM32F1xx/Include -I../Drivers/CMSIS/Include -O0 -ffunction-sections -fdata-sections -Wall -fstack-usage -fcyclomatic-complexity -MMD -MP -MF"Drivers/STM32F1xx_HAL_Driver/Src/stm32f1xx_hal_gpio_ex.d" -MT"Drivers/STM32F1xx_HAL_Driver/Src/stm32f1xx_hal_gpio_ex.o" --specs=nano.specs -mfloat-abi=soft -mthumb -o "Drivers/STM32F1xx_HAL_Driver/Src/stm32f1xx_hal_gpio_ex.o"
arm-none-eabi-gcc "../Drivers/STM32F1xx_HAL_Driver/Src/stm32f1xx_hal_pwr.c" -mcpu=cortex-m3 -std=gnu11 -g3 -DDEBUG -DUSE_HAL_DRIVER -DSTM32F103xB -c -I../Core/Inc -I../Drivers/STM32F1xx_HAL_Driver/Inc/Legacy -I../Drivers/STM32F1xx_HAL_Driver/Inc -I../Drivers/CMSIS/Device/ST/STM32F1xx/Include -I../Drivers/CMSIS/Include -O0 -ffunction-sections -fdata-sections -Wall -fstack-usage -fcyclomatic-complexity -MMD -MP -MF"Drivers/STM32F1xx_HAL_Driver/Src/stm32f1xx_hal_pwr.d" -MT"Drivers/STM32F1xx_HAL_Driver/Src/stm32f1xx_hal_pwr.o" --specs=nano.specs -mfloat-abi=soft -mthumb -o "Drivers/STM32F1xx_HAL_Driver/Src/stm32f1xx_hal_pwr.o"
arm-none-eabi-gcc "../Drivers/STM32F1xx_HAL_Driver/Src/stm32f1xx_hal_rcc.c" -mcpu=cortex-m3 -std=gnu11 -g3 -DDEBUG -DUSE_HAL_DRIVER -DSTM32F103xB -c -I../Core/Inc -I../Drivers/STM32F1xx_HAL_Driver/Inc/Legacy -I../Drivers/STM32F1xx_HAL_Driver/Inc -I../Drivers/CMSIS/Device/ST/STM32F1xx/Include -I../Drivers/CMSIS/Include -O0 -ffunction-sections -fdata-sections -Wall -fstack-usage -fcyclomatic-complexity -MMD -MP -MF"Drivers/STM32F1xx_HAL_Driver/Src/stm32f1xx_hal_rcc.d" -MT"Drivers/STM32F1xx_HAL_Driver/Src/stm32f1xx_hal_rcc.o" --specs=nano.specs -mfloat-abi=soft -mthumb -o "Drivers/STM32F1xx_HAL_Driver/Src/stm32f1xx_hal_rcc.o"
arm-none-eabi-gcc "../Drivers/STM32F1xx_HAL_Driver/Src/stm32f1xx_hal_rcc_ex.c" -mcpu=cortex-m3 -std=gnu11 -g3 -DDEBUG -DUSE_HAL_DRIVER -DSTM32F103xB -c -I../Core/Inc -I../Drivers/STM32F1xx_HAL_Driver/Inc/Legacy -I../Drivers/STM32F1xx_HAL_Driver/Inc -I../Drivers/CMSIS/Device/ST/STM32F1xx/Include -I../Drivers/CMSIS/Include -O0 -ffunction-sections -fdata-sections -Wall -fstack-usage -fcyclomatic-complexity -MMD -MP -MF"Drivers/STM32F1xx_HAL_Driver/Src/stm32f1xx_hal_rcc_ex.d" -MT"Drivers/STM32F1xx_HAL_Driver/Src/stm32f1xx_hal_rcc_ex.o" --specs=nano.specs -mfloat-abi=soft -mthumb -o "Drivers/STM32F1xx_HAL_Driver/Src/stm32f1xx_hal_rcc_ex.o"
arm-none-eabi-gcc -mcpu=cortex-m3 -g3 -DDEBUG -c -x assembler-with-cpp -MMD -MP -MF"Core/Startup/startup_stm32f103cbtx.d" -MT"Core/Startup/startup_stm32f103cbtx.o" --specs=nano.specs -mfloat-abi=soft -mthumb -o "Core/Startup/startup_stm32f103cbtx.o" "../Core/Startup/startup_stm32f103cbtx.s"
arm-none-eabi-gcc "../Core/Src/CAN.c" -mcpu=cortex-m3 -std=gnu11 -g3 -DDEBUG -DUSE_HAL_DRIVER -DSTM32F103xB -c -I../Core/Inc -I../Drivers/STM32F1xx_HAL_Driver/Inc/Legacy -I../Drivers/STM32F1xx_HAL_Driver/Inc -I../Drivers/CMSIS/Device/ST/STM32F1xx/Include -I../Drivers/CMSIS/Include -O0 -ffunction-sections -fdata-sections -Wall -fstack-usage -fcyclomatic-complexity -MMD -MP -MF"Core/Src/CAN.d" -MT"Core/Src/CAN.o" --specs=nano.specs -mfloat-abi=soft -mthumb -o "Core/Src/CAN.o"
arm-none-eabi-gcc "../Core/Src/main.c" -mcpu=cortex-m3 -std=gnu11 -g3 -DDEBUG -DUSE_HAL_DRIVER -DSTM32F103xB -c -I../Core/Inc -I../Drivers/STM32F1xx_HAL_Driver/Inc/Legacy -I../Drivers/STM32F1xx_HAL_Driver/Inc -I../Drivers/CMSIS/Device/ST/STM32F1xx/Include -I../Drivers/CMSIS/Include -O0 -ffunction-sections -fdata-sections -Wall -fstack-usage -fcyclomatic-complexity -MMD -MP -MF"Core/Src/main.d" -MT"Core/Src/main.o" --specs=nano.specs -mfloat-abi=soft -mthumb -o "Core/Src/main.o"
arm-none-eabi-gcc "../Core/Src/stm32f1xx_hal_msp.c" -mcpu=cortex-m3 -std=gnu11 -g3 -DDEBUG -DUSE_HAL_DRIVER -DSTM32F103xB -c -I../Core/Inc -I../Drivers/STM32F1xx_HAL_Driver/Inc/Legacy -I../Drivers/STM32F1xx_HAL_Driver/Inc -I../Drivers/CMSIS/Device/ST/STM32F1xx/Include -I../Drivers/CMSIS/Include -O0 -ffunction-sections -fdata-sections -Wall -fstack-usage -fcyclomatic-complexity -MMD -MP -MF"Core/Src/stm32f1xx_hal_msp.d" -MT"Core/Src/stm32f1xx_hal_msp.o" --specs=nano.specs -mfloat-abi=soft -mthumb -o "Core/Src/stm32f1xx_hal_msp.o"
arm-none-eabi-gcc "../Core/Src/stm32f1xx_it.c" -mcpu=cortex-m3 -std=gnu11 -g3 -DDEBUG -DUSE_HAL_DRIVER -DSTM32F103xB -c -I../Core/Inc -I../Drivers/STM32F1xx_HAL_Driver/Inc/Legacy -I../Drivers/STM32F1xx_HAL_Driver/Inc -I../Drivers/CMSIS/Device/ST/STM32F1xx/Include -I../Drivers/CMSIS/Include -O0 -ffunction-sections -fdata-sections -Wall -fstack-usage -fcyclomatic-complexity -MMD -MP -MF"Core/Src/stm32f1xx_it.d" -MT"Core/Src/stm32f1xx_it.o" --specs=nano.specs -mfloat-abi=soft -mthumb -o "Core/Src/stm32f1xx_it.o"
In file included from ../Core/Src/CAN.c:1:
../Core/Inc/CAN.h:15:23: error: unknown type name 'uint32_t'
   15 | void CAN_TX_Mailbox_0(uint32_t identifier, int length, int data[] );
      |                       ^~~~~~~~
../Core/Inc/CAN.h:8:1: note: 'uint32_t' is defined in header '<stdint.h>'; did you forget to '#include <stdint.h>'?
    7 | #include "stdlib.h"
  +++ |+#include <stdint.h>
    8 | 
../Core/Inc/CAN.h:16:23: error: unknown type name 'uint32_t'
   16 | void CAN_TX_Mailbox_1(uint32_t identifier, int length, int data[] );
      |                       ^~~~~~~~
../Core/Inc/CAN.h:16:23: note: 'uint32_t' is defined in header '<stdint.h>'; did you forget to '#include <stdint.h>'?
../Core/Inc/CAN.h:17:23: error: unknown type name 'uint32_t'
   17 | void CAN_TX_Mailbox_2(uint32_t identifier, int length, int data[] );
      |                       ^~~~~~~~
../Core/Inc/CAN.h:17:23: note: 'uint32_t' is defined in header '<stdint.h>'; did you forget to '#include <stdint.h>'?
../Core/Src/CAN.c: In function 'CAN_Sleep_Mode_Start':
../Core/Src/CAN.c:6:9: error: 'CAN1' undeclared (first use in this function)
    6 |         CAN1->MCR |= CAN_MCR_RESET;
      |         ^~~~
../Core/Src/CAN.c:6:9: note: each undeclared identifier is reported only once for each function it appears in
../Core/Src/CAN.c:6:22: error: 'CAN_MCR_RESET' undeclared (first use in this function)
    6 |         CAN1->MCR |= CAN_MCR_RESET;
      |                      ^~~~~~~~~~~~~
../Core/Src/CAN.c:7:20: error: 'CAN_MSR_SLAK' undeclared (first use in this function)
    7 | while((CAN1->MSR & CAN_MSR_SLAK) != 1){}
      |                    ^~~~~~~~~~~~
../Core/Src/CAN.c: In function 'CAN_Sleep_Mode_Stop':
../Core/Src/CAN.c:12:9: error: 'CAN1' undeclared (first use in this function)
   12 |         CAN1->MCR &= ~CAN_MCR_RESET;
      |         ^~~~
../Core/Src/CAN.c:12:23: error: 'CAN_MCR_RESET' undeclared (first use in this function)
   12 |         CAN1->MCR &= ~CAN_MCR_RESET;
      |                       ^~~~~~~~~~~~~
../Core/Src/CAN.c:13:20: error: 'CAN_MSR_SLAK' undeclared (first use in this function)
   13 | while((CAN1->MSR & CAN_MSR_SLAK) == 1){}
      |                    ^~~~~~~~~~~~
../Core/Src/CAN.c: In function 'CAN_Init_Mode_Start':
../Core/Src/CAN.c:19:9: error: 'CAN1' undeclared (first use in this function)
   19 |         CAN1->MCR |= CAN_MCR_INRQ;
      |         ^~~~
../Core/Src/CAN.c:19:22: error: 'CAN_MCR_INRQ' undeclared (first use in this function)
   19 |         CAN1->MCR |= CAN_MCR_INRQ;
      |                      ^~~~~~~~~~~~
../Core/Src/CAN.c:20:29: error: 'CAN_MSR_INAK' undeclared (first use in this function)
   20 |         while(!(CAN1->MSR & CAN_MSR_INAK)){}
      |                             ^~~~~~~~~~~~
../Core/Src/CAN.c:21:17: error: 'RCC' undeclared (first use in this function)
   21 |                 RCC->APB1ENR |= RCC_APB1ENR_CAN1EN ;
      |                 ^~~
../Core/Src/CAN.c:21:33: error: 'RCC_APB1ENR_CAN1EN' undeclared (first use in this function)
   21 |                 RCC->APB1ENR |= RCC_APB1ENR_CAN1EN ;
      |                                 ^~~~~~~~~~~~~~~~~~
../Core/Src/CAN.c:22:17: error: 'RCC_APB2ENR_IOPAEN' undeclared (first use in this function)
   22 | RCC->APB2ENR |= RCC_APB2ENR_IOPAEN | RCC_APB2ENR_AFIOEN;
      |                 ^~~~~~~~~~~~~~~~~~
../Core/Src/CAN.c:22:38: error: 'RCC_APB2ENR_AFIOEN' undeclared (first use in this function)
   22 | RCC->APB2ENR |= RCC_APB2ENR_IOPAEN | RCC_APB2ENR_AFIOEN;
      |                                      ^~~~~~~~~~~~~~~~~~
../Core/Src/CAN.c:23:1: error: 'GPIOA' undeclared (first use in this function)
   23 | GPIOA -> CRH |= (0xB << 11) | (0xB << 12);
      | ^~~~~
../Core/Src/CAN.c: In function 'CAN_Init_Mode_Stop':
../Core/Src/CAN.c:30:9: error: 'CAN1' undeclared (first use in this function)
   30 |         CAN1->MCR &= ~CAN_MCR_INRQ;
      |         ^~~~
../Core/Src/CAN.c:30:23: error: 'CAN_MCR_INRQ' undeclared (first use in this function)
   30 |         CAN1->MCR &= ~CAN_MCR_INRQ;
      |                       ^~~~~~~~~~~~
../Core/Src/CAN.c:31:28: error: 'CAN_MSR_INAK' undeclared (first use in this function)
   31 |         while((CAN1->MSR & CAN_MSR_INAK) == 1){}
      |                            ^~~~~~~~~~~~
../Core/Src/CAN.c: At top level:
../Core/Src/CAN.c:41:23: error: unknown type name 'uint32_t'
   41 | void CAN_TX_Mailbox_0(uint32_t identifier, int length, int data[] ){
      |                       ^~~~~~~~
../Core/Src/CAN.c:2:1: note: 'uint32_t' is defined in header '<stdint.h>'; did you forget to '#include <stdint.h>'?
    1 | #include "CAN.h"
  +++ |+#include <stdint.h>
    2 | 
../Core/Src/CAN.c:66:23: error: unknown type name 'uint32_t'
   66 | void CAN_TX_Mailbox_1(uint32_t identifier, int length, int data[] ){
      |                       ^~~~~~~~
../Core/Src/CAN.c:66:23: note: 'uint32_t' is defined in header '<stdint.h>'; did you forget to '#include <stdint.h>'?
../Core/Src/CAN.c:91:23: error: unknown type name 'uint32_t'
   91 | void CAN_TX_Mailbox_2(uint32_t identifier, int length, int data[] ){
      |                       ^~~~~~~~
../Core/Src/CAN.c:91:23: note: 'uint32_t' is defined in header '<stdint.h>'; did you forget to '#include <stdint.h>'?
../Core/Src/main.c: In function 'main':
../Core/Src/main.c:100:51: error: 'data' undeclared (first use in this function); did you mean 'daqta'?
  100 |           CAN_TX_Mailbox_0( identifier,  length,  data );
      |                                                   ^~~~
      |                                                   daqta
../Core/Src/main.c:100:51: note: each undeclared identifier is reported only once for each function it appears in
../Core/Src/main.c:78:6: warning: unused variable 'daqta' [-Wunused-variable]
   78 |  int daqta[]={1,2,3,4,5},length=8;
      |      ^~~~~
arm-none-eabi-gcc "../Core/Src/syscalls.c" -mcpu=cortex-m3 -std=gnu11 -g3 -DDEBUG -DUSE_HAL_DRIVER -DSTM32F103xB -c -I../Core/Inc -I../Drivers/STM32F1xx_HAL_Driver/Inc/Legacy -I../Drivers/STM32F1xx_HAL_Driver/Inc -I../Drivers/CMSIS/Device/ST/STM32F1xx/Include -I../Drivers/CMSIS/Include -O0 -ffunction-sections -fdata-sections -Wall -fstack-usage -fcyclomatic-complexity -MMD -MP -MF"Core/Src/syscalls.d" -MT"Core/Src/syscalls.o" --specs=nano.specs -mfloat-abi=soft -mthumb -o "Core/Src/syscalls.o"
make: *** [Core/Src/subdir.mk:37: Core/Src/CAN.o] Error 1
make: *** Waiting for unfinished jobs....
make: *** [Core/Src/subdir.mk:37: Core/Src/main.o] Error 1
"make -j8 all" terminated with exit code 2. Build might be incomplete.
19:45:38 **** Incremental Build of configuration Debug for project can_compressor ****
make -j8 all 
arm-none-eabi-gcc "../Core/Src/CAN.c" -mcpu=cortex-m3 -std=gnu11 -g3 -DDEBUG -DUSE_HAL_DRIVER -DSTM32F103xB -c -I../Core/Inc -I../Drivers/STM32F1xx_HAL_Driver/Inc/Legacy -I../Drivers/STM32F1xx_HAL_Driver/Inc -I../Drivers/CMSIS/Device/ST/STM32F1xx/Include -I../Drivers/CMSIS/Include -O0 -ffunction-sections -fdata-sections -Wall -fstack-usage -fcyclomatic-complexity -MMD -MP -MF"Core/Src/CAN.d" -MT"Core/Src/CAN.o" --specs=nano.specs -mfloat-abi=soft -mthumb -o "Core/Src/CAN.o"
arm-none-eabi-gcc "../Core/Src/main.c" -mcpu=cortex-m3 -std=gnu11 -g3 -DDEBUG -DUSE_HAL_DRIVER -DSTM32F103xB -c -I../Core/Inc -I../Drivers/STM32F1xx_HAL_Driver/Inc/Legacy -I../Drivers/STM32F1xx_HAL_Driver/Inc -I../Drivers/CMSIS/Device/ST/STM32F1xx/Include -I../Drivers/CMSIS/Include -O0 -ffunction-sections -fdata-sections -Wall -fstack-usage -fcyclomatic-complexity -MMD -MP -MF"Core/Src/main.d" -MT"Core/Src/main.o" --specs=nano.specs -mfloat-abi=soft -mthumb -o "Core/Src/main.o"
arm-none-eabi-gcc "../Core/Src/sysmem.c" -mcpu=cortex-m3 -std=gnu11 -g3 -DDEBUG -DUSE_HAL_DRIVER -DSTM32F103xB -c -I../Core/Inc -I../Drivers/STM32F1xx_HAL_Driver/Inc/Legacy -I../Drivers/STM32F1xx_HAL_Driver/Inc -I../Drivers/CMSIS/Device/ST/STM32F1xx/Include -I../Drivers/CMSIS/Include -O0 -ffunction-sections -fdata-sections -Wall -fstack-usage -fcyclomatic-complexity -MMD -MP -MF"Core/Src/sysmem.d" -MT"Core/Src/sysmem.o" --specs=nano.specs -mfloat-abi=soft -mthumb -o "Core/Src/sysmem.o"
arm-none-eabi-gcc "../Core/Src/system_stm32f1xx.c" -mcpu=cortex-m3 -std=gnu11 -g3 -DDEBUG -DUSE_HAL_DRIVER -DSTM32F103xB -c -I../Core/Inc -I../Drivers/STM32F1xx_HAL_Driver/Inc/Legacy -I../Drivers/STM32F1xx_HAL_Driver/Inc -I../Drivers/CMSIS/Device/ST/STM32F1xx/Include -I../Drivers/CMSIS/Include -O0 -ffunction-sections -fdata-sections -Wall -fstack-usage -fcyclomatic-complexity -MMD -MP -MF"Core/Src/system_stm32f1xx.d" -MT"Core/Src/system_stm32f1xx.o" --specs=nano.specs -mfloat-abi=soft -mthumb -o "Core/Src/system_stm32f1xx.o"
../Core/Src/CAN.c: In function 'CAN_Sleep_Mode_Start':
../Core/Src/CAN.c:6:9: error: 'CAN1' undeclared (first use in this function)
    6 |         CAN1->MCR |= CAN_MCR_RESET;
      |         ^~~~
../Core/Src/CAN.c:6:9: note: each undeclared identifier is reported only once for each function it appears in
../Core/Src/CAN.c:6:22: error: 'CAN_MCR_RESET' undeclared (first use in this function)
    6 |         CAN1->MCR |= CAN_MCR_RESET;
      |                      ^~~~~~~~~~~~~
../Core/Src/CAN.c:7:20: error: 'CAN_MSR_SLAK' undeclared (first use in this function)
    7 | while((CAN1->MSR & CAN_MSR_SLAK) != 1){}
      |                    ^~~~~~~~~~~~
../Core/Src/CAN.c: In function 'CAN_Sleep_Mode_Stop':
../Core/Src/CAN.c:12:9: error: 'CAN1' undeclared (first use in this function)
   12 |         CAN1->MCR &= ~CAN_MCR_RESET;
      |         ^~~~
../Core/Src/CAN.c:12:23: error: 'CAN_MCR_RESET' undeclared (first use in this function)
   12 |         CAN1->MCR &= ~CAN_MCR_RESET;
      |                       ^~~~~~~~~~~~~
../Core/Src/CAN.c:13:20: error: 'CAN_MSR_SLAK' undeclared (first use in this function)
   13 | while((CAN1->MSR & CAN_MSR_SLAK) == 1){}
      |                    ^~~~~~~~~~~~
../Core/Src/CAN.c: In function 'CAN_Init_Mode_Start':
../Core/Src/CAN.c:19:9: error: 'CAN1' undeclared (first use in this function)
   19 |         CAN1->MCR |= CAN_MCR_INRQ;
      |         ^~~~
../Core/Src/CAN.c:19:22: error: 'CAN_MCR_INRQ' undeclared (first use in this function)
   19 |         CAN1->MCR |= CAN_MCR_INRQ;
      |                      ^~~~~~~~~~~~
../Core/Src/CAN.c:20:29: error: 'CAN_MSR_INAK' undeclared (first use in this function)
   20 |         while(!(CAN1->MSR & CAN_MSR_INAK)){}
      |                             ^~~~~~~~~~~~
../Core/Src/CAN.c:21:17: error: 'RCC' undeclared (first use in this function)
   21 |                 RCC->APB1ENR |= RCC_APB1ENR_CAN1EN ;
      |                 ^~~
../Core/Src/CAN.c:21:33: error: 'RCC_APB1ENR_CAN1EN' undeclared (first use in this function)
   21 |                 RCC->APB1ENR |= RCC_APB1ENR_CAN1EN ;
      |                                 ^~~~~~~~~~~~~~~~~~
../Core/Src/CAN.c:22:17: error: 'RCC_APB2ENR_IOPAEN' undeclared (first use in this function)
   22 | RCC->APB2ENR |= RCC_APB2ENR_IOPAEN | RCC_APB2ENR_AFIOEN;
      |                 ^~~~~~~~~~~~~~~~~~
../Core/Src/CAN.c:22:38: error: 'RCC_APB2ENR_AFIOEN' undeclared (first use in this function)
   22 | RCC->APB2ENR |= RCC_APB2ENR_IOPAEN | RCC_APB2ENR_AFIOEN;
      |                                      ^~~~~~~~~~~~~~~~~~
../Core/Src/CAN.c:23:1: error: 'GPIOA' undeclared (first use in this function)
   23 | GPIOA -> CRH |= (0xB << 11) | (0xB << 12);
      | ^~~~~
../Core/Src/CAN.c: In function 'CAN_Init_Mode_Stop':
../Core/Src/CAN.c:30:9: error: 'CAN1' undeclared (first use in this function)
   30 |         CAN1->MCR &= ~CAN_MCR_INRQ;
      |         ^~~~
../Core/Src/CAN.c:30:23: error: 'CAN_MCR_INRQ' undeclared (first use in this function)
   30 |         CAN1->MCR &= ~CAN_MCR_INRQ;
      |                       ^~~~~~~~~~~~
../Core/Src/CAN.c:31:28: error: 'CAN_MSR_INAK' undeclared (first use in this function)
   31 |         while((CAN1->MSR & CAN_MSR_INAK) == 1){}
      |                            ^~~~~~~~~~~~
../Core/Src/CAN.c: In function 'CAN_TX_Mailbox_0':
../Core/Src/CAN.c:44:24: error: 'CAN1' undeclared (first use in this function)
   44 |                 while((CAN1->TSR & CAN_TSR_TME0) == 1){}
      |                        ^~~~
../Core/Src/CAN.c:44:36: error: 'CAN_TSR_TME0' undeclared (first use in this function)
   44 |                 while((CAN1->TSR & CAN_TSR_TME0) == 1){}
      |                                    ^~~~~~~~~~~~
../Core/Src/CAN.c:45:38: error: 'CAN_TDT0R_DLC' undeclared (first use in this function)
   45 |         CAN1->sTxMailBox[0].TDTR |= (CAN_TDT0R_DLC | length);
      |                                      ^~~~~~~~~~~~~
../Core/Src/CAN.c:46:37: error: 'CAN_TI0R_STID' undeclared (first use in this function)
   46 |         CAN1->sTxMailBox[0].TIR &= ~CAN_TI0R_STID;
      |                                     ^~~~~~~~~~~~~
../Core/Src/CAN.c:48:37: error: 'CAN_TDL0R_DATA0' undeclared (first use in this function)
   48 |         CAN1->sTxMailBox[0].TDLR |= CAN_TDL0R_DATA0 << data[0];
      |                                     ^~~~~~~~~~~~~~~
../Core/Src/CAN.c:49:37: error: 'CAN_TDL0R_DATA1' undeclared (first use in this function)
   49 |         CAN1->sTxMailBox[0].TDLR |= CAN_TDL0R_DATA1 << data[1];
      |                                     ^~~~~~~~~~~~~~~
../Core/Src/CAN.c:50:37: error: 'CAN_TDL0R_DATA2' undeclared (first use in this function)
   50 |         CAN1->sTxMailBox[0].TDLR |= CAN_TDL0R_DATA2 << data[2];
      |                                     ^~~~~~~~~~~~~~~
../Core/Src/CAN.c:51:37: error: 'CAN_TDL0R_DATA3' undeclared (first use in this function)
   51 |         CAN1->sTxMailBox[0].TDLR |= CAN_TDL0R_DATA3 << data[3];
      |                                     ^~~~~~~~~~~~~~~
../Core/Src/CAN.c:52:37: error: 'CAN_TDH0R_DATA4' undeclared (first use in this function)
   52 |         CAN1->sTxMailBox[0].TDHR |= CAN_TDH0R_DATA4 << data[4];
      |                                     ^~~~~~~~~~~~~~~
../Core/Src/CAN.c:53:31: error: 'CAN_TDH0R_DATA5' undeclared (first use in this function)
   53 |   CAN1->sTxMailBox[0].TDHR |= CAN_TDH0R_DATA5 << data[5];
      |                               ^~~~~~~~~~~~~~~
../Core/Src/CAN.c:54:37: error: 'CAN_TDH0R_DATA6' undeclared (first use in this function)
   54 |         CAN1->sTxMailBox[0].TDHR |= CAN_TDH0R_DATA6 << data[6];
      |                                     ^~~~~~~~~~~~~~~
../Core/Src/CAN.c:55:37: error: 'CAN_TDH0R_DATA7' undeclared (first use in this function)
   55 |         CAN1->sTxMailBox[0].TDHR |= CAN_TDH0R_DATA7 << data[7];
      |                                     ^~~~~~~~~~~~~~~
../Core/Src/CAN.c:56:36: error: 'CAN_TI0R_TXRQ' undeclared (first use in this function)
   56 |         CAN1->sTxMailBox[0].TIR |= CAN_TI0R_TXRQ;
      |                                    ^~~~~~~~~~~~~
../Core/Src/CAN.c:59:28: error: 'CAN_TSR_RQCP0' undeclared (first use in this function)
   59 |         while((CAN1->TSR & CAN_TSR_RQCP0) != 0){}
      |                            ^~~~~~~~~~~~~
../Core/Src/CAN.c:60:28: error: 'CAN_TSR_TXOK0' undeclared (first use in this function)
   60 |         while((CAN1->TSR & CAN_TSR_TXOK0) != 0){}
      |                            ^~~~~~~~~~~~~
../Core/Src/CAN.c: In function 'CAN_TX_Mailbox_1':
../Core/Src/CAN.c:69:24: error: 'CAN1' undeclared (first use in this function)
   69 |                 while((CAN1->TSR & CAN_TSR_TME1) == 1){}
      |                        ^~~~
../Core/Src/CAN.c:69:36: error: 'CAN_TSR_TME1' undeclared (first use in this function)
   69 |                 while((CAN1->TSR & CAN_TSR_TME1) == 1){}
      |                                    ^~~~~~~~~~~~
../Core/Src/CAN.c:70:38: error: 'CAN_TDT0R_DLC' undeclared (first use in this function)
   70 |         CAN1->sTxMailBox[1].TDTR |= (CAN_TDT0R_DLC | length);
      |                                      ^~~~~~~~~~~~~
../Core/Src/CAN.c:71:37: error: 'CAN_TI0R_STID' undeclared (first use in this function)
   71 |         CAN1->sTxMailBox[1].TIR &= ~CAN_TI0R_STID;
      |                                     ^~~~~~~~~~~~~
../Core/Src/CAN.c:73:37: error: 'CAN_TDL0R_DATA0' undeclared (first use in this function)
   73 |         CAN1->sTxMailBox[1].TDLR |= CAN_TDL0R_DATA0 << data[0];
      |                                     ^~~~~~~~~~~~~~~
../Core/Src/CAN.c:74:37: error: 'CAN_TDL0R_DATA1' undeclared (first use in this function)
   74 |         CAN1->sTxMailBox[1].TDLR |= CAN_TDL0R_DATA1 << data[1];
      |                                     ^~~~~~~~~~~~~~~
../Core/Src/CAN.c:75:37: error: 'CAN_TDL0R_DATA2' undeclared (first use in this function)
   75 |         CAN1->sTxMailBox[1].TDLR |= CAN_TDL0R_DATA2 << data[2];
      |                                     ^~~~~~~~~~~~~~~
../Core/Src/CAN.c:76:37: error: 'CAN_TDL0R_DATA3' undeclared (first use in this function)
   76 |         CAN1->sTxMailBox[1].TDLR |= CAN_TDL0R_DATA3 << data[3];
      |                                     ^~~~~~~~~~~~~~~
../Core/Src/CAN.c:77:37: error: 'CAN_TDH0R_DATA4' undeclared (first use in this function)
   77 |         CAN1->sTxMailBox[1].TDHR |= CAN_TDH0R_DATA4 << data[4];
      |                                     ^~~~~~~~~~~~~~~
../Core/Src/CAN.c:78:31: error: 'CAN_TDH0R_DATA5' undeclared (first use in this function)
   78 |   CAN1->sTxMailBox[1].TDHR |= CAN_TDH0R_DATA5 << data[5];
      |                               ^~~~~~~~~~~~~~~
../Core/Src/CAN.c:79:37: error: 'CAN_TDH0R_DATA6' undeclared (first use in this function)
   79 |         CAN1->sTxMailBox[1].TDHR |= CAN_TDH0R_DATA6 << data[6];
      |                                     ^~~~~~~~~~~~~~~
../Core/Src/CAN.c:80:37: error: 'CAN_TDH0R_DATA7' undeclared (first use in this function)
   80 |         CAN1->sTxMailBox[1].TDHR |= CAN_TDH0R_DATA7 << data[7];
      |                                     ^~~~~~~~~~~~~~~
../Core/Src/CAN.c:81:36: error: 'CAN_TI0R_TXRQ' undeclared (first use in this function)
   81 |         CAN1->sTxMailBox[1].TIR |= CAN_TI0R_TXRQ;
      |                                    ^~~~~~~~~~~~~
../Core/Src/CAN.c:84:28: error: 'CAN_TSR_RQCP1' undeclared (first use in this function)
   84 |         while((CAN1->TSR & CAN_TSR_RQCP1) != 0){}
      |                            ^~~~~~~~~~~~~
../Core/Src/CAN.c:85:28: error: 'CAN_TSR_TXOK1' undeclared (first use in this function)
   85 |         while((CAN1->TSR & CAN_TSR_TXOK1) != 0){}
      |                            ^~~~~~~~~~~~~
../Core/Src/CAN.c: In function 'CAN_TX_Mailbox_2':
../Core/Src/CAN.c:94:24: error: 'CAN1' undeclared (first use in this function)
   94 |                 while((CAN1->TSR & CAN_TSR_TME1) == 1){}
      |                        ^~~~
../Core/Src/CAN.c:94:36: error: 'CAN_TSR_TME1' undeclared (first use in this function)
   94 |                 while((CAN1->TSR & CAN_TSR_TME1) == 1){}
      |                                    ^~~~~~~~~~~~
../Core/Src/CAN.c:95:38: error: 'CAN_TDT0R_DLC' undeclared (first use in this function)
   95 |         CAN1->sTxMailBox[2].TDTR |= (CAN_TDT0R_DLC | length);
      |                                      ^~~~~~~~~~~~~
../Core/Src/CAN.c:96:37: error: 'CAN_TI0R_STID' undeclared (first use in this function)
   96 |         CAN1->sTxMailBox[2].TIR &= ~CAN_TI0R_STID;
      |                                     ^~~~~~~~~~~~~
../Core/Src/CAN.c:98:37: error: 'CAN_TDL0R_DATA0' undeclared (first use in this function)
   98 |         CAN1->sTxMailBox[2].TDLR |= CAN_TDL0R_DATA0 << data[0];
      |                                     ^~~~~~~~~~~~~~~
../Core/Src/CAN.c:99:37: error: 'CAN_TDL0R_DATA1' undeclared (first use in this function)
   99 |         CAN1->sTxMailBox[2].TDLR |= CAN_TDL0R_DATA1 << data[1];
      |                                     ^~~~~~~~~~~~~~~
../Core/Src/CAN.c:100:37: error: 'CAN_TDL0R_DATA2' undeclared (first use in this function)
  100 |         CAN1->sTxMailBox[2].TDLR |= CAN_TDL0R_DATA2 << data[2];
      |                                     ^~~~~~~~~~~~~~~
../Core/Src/CAN.c:101:37: error: 'CAN_TDL0R_DATA3' undeclared (first use in this function)
  101 |         CAN1->sTxMailBox[2].TDLR |= CAN_TDL0R_DATA3 << data[3];
      |                                     ^~~~~~~~~~~~~~~
../Core/Src/CAN.c:102:37: error: 'CAN_TDH0R_DATA4' undeclared (first use in this function)
  102 |         CAN1->sTxMailBox[2].TDHR |= CAN_TDH0R_DATA4 << data[4];
      |                                     ^~~~~~~~~~~~~~~
../Core/Src/CAN.c:103:31: error: 'CAN_TDH0R_DATA5' undeclared (first use in this function)
  103 |   CAN1->sTxMailBox[2].TDHR |= CAN_TDH0R_DATA5 << data[5];
      |                               ^~~~~~~~~~~~~~~
../Core/Src/CAN.c:104:37: error: 'CAN_TDH0R_DATA6' undeclared (first use in this function)
  104 |         CAN1->sTxMailBox[2].TDHR |= CAN_TDH0R_DATA6 << data[6];
      |                                     ^~~~~~~~~~~~~~~
../Core/Src/CAN.c:105:37: error: 'CAN_TDH0R_DATA7' undeclared (first use in this function)
  105 |         CAN1->sTxMailBox[2].TDHR |= CAN_TDH0R_DATA7 << data[7];
      |                                     ^~~~~~~~~~~~~~~
../Core/Src/main.c: In function 'main':
../Core/Src/main.c:100:51: error: 'data' undeclared (first use in this function); did you mean 'daqta'?
  100 |           CAN_TX_Mailbox_0( identifier,  length,  data );
      |                                                   ^~~~
      |                                                   daqta
../Core/Src/main.c:100:51: note: each undeclared identifier is reported only once for each function it appears in
../Core/Src/main.c:78:6: warning: unused variable 'daqta' [-Wunused-variable]
   78 |  int daqta[]={1,2,3,4,5},length=8;
      |      ^~~~~
../Core/Src/CAN.c:106:36: error: 'CAN_TI0R_TXRQ' undeclared (first use in this function)
  106 |         CAN1->sTxMailBox[2].TIR |= CAN_TI0R_TXRQ;
      |                                    ^~~~~~~~~~~~~
../Core/Src/CAN.c:109:28: error: 'CAN_TSR_RQCP2' undeclared (first use in this function)
  109 |         while((CAN1->TSR & CAN_TSR_RQCP2) != 0){}
      |                            ^~~~~~~~~~~~~
../Core/Src/CAN.c:110:28: error: 'CAN_TSR_TXOK2' undeclared (first use in this function)
  110 |         while((CAN1->TSR & CAN_TSR_TXOK2) != 0){}
      |                            ^~~~~~~~~~~~~
../Core/Src/CAN.c:111:28: error: 'CAN_TSR_TME2' undeclared (first use in this function)
  111 |         while((CAN1->TSR & CAN_TSR_TME2) != 0){}
      |                            ^~~~~~~~~~~~
make: *** [Core/Src/subdir.mk:37: Core/Src/CAN.o] Error 1
make: *** Waiting for unfinished jobs....
make: *** [Core/Src/subdir.mk:37: Core/Src/main.o] Error 1
"make -j8 all" terminated with exit code 2. Build might be incomplete.
19:46:13 **** Incremental Build of configuration Debug for project can_compressor ****
make -j8 all 
arm-none-eabi-gcc "../Core/Src/CAN.c" -mcpu=cortex-m3 -std=gnu11 -g3 -DDEBUG -DUSE_HAL_DRIVER -DSTM32F103xB -c -I../Core/Inc -I../Drivers/STM32F1xx_HAL_Driver/Inc/Legacy -I../Drivers/STM32F1xx_HAL_Driver/Inc -I../Drivers/CMSIS/Device/ST/STM32F1xx/Include -I../Drivers/CMSIS/Include -O0 -ffunction-sections -fdata-sections -Wall -fstack-usage -fcyclomatic-complexity -MMD -MP -MF"Core/Src/CAN.d" -MT"Core/Src/CAN.o" --specs=nano.specs -mfloat-abi=soft -mthumb -o "Core/Src/CAN.o"
arm-none-eabi-gcc "../Core/Src/main.c" -mcpu=cortex-m3 -std=gnu11 -g3 -DDEBUG -DUSE_HAL_DRIVER -DSTM32F103xB -c -I../Core/Inc -I../Drivers/STM32F1xx_HAL_Driver/Inc/Legacy -I../Drivers/STM32F1xx_HAL_Driver/Inc -I../Drivers/CMSIS/Device/ST/STM32F1xx/Include -I../Drivers/CMSIS/Include -O0 -ffunction-sections -fdata-sections -Wall -fstack-usage -fcyclomatic-complexity -MMD -MP -MF"Core/Src/main.d" -MT"Core/Src/main.o" --specs=nano.specs -mfloat-abi=soft -mthumb -o "Core/Src/main.o"
../Core/Src/CAN.c: In function 'CAN_Sleep_Mode_Start':
../Core/Src/CAN.c:7:34: warning: bitwise comparison always evaluates to true [-Wtautological-compare]
    7 | while((CAN1->MSR & CAN_MSR_SLAK) != 1){}
      |                                  ^~
../Core/Src/CAN.c: In function 'CAN_Sleep_Mode_Stop':
../Core/Src/CAN.c:13:34: warning: bitwise comparison always evaluates to false [-Wtautological-compare]
   13 | while((CAN1->MSR & CAN_MSR_SLAK) == 1){}
      |                                  ^~
../Core/Src/CAN.c: In function 'CAN_TX_Mailbox_0':
../Core/Src/CAN.c:44:50: warning: bitwise comparison always evaluates to false [-Wtautological-compare]
   44 |                 while((CAN1->TSR & CAN_TSR_TME0) == 1){}
      |                                                  ^~
../Core/Src/CAN.c: In function 'CAN_TX_Mailbox_1':
../Core/Src/CAN.c:69:50: warning: bitwise comparison always evaluates to false [-Wtautological-compare]
   69 |                 while((CAN1->TSR & CAN_TSR_TME1) == 1){}
      |                                                  ^~
../Core/Src/CAN.c: In function 'CAN_TX_Mailbox_2':
../Core/Src/CAN.c:94:50: warning: bitwise comparison always evaluates to false [-Wtautological-compare]
   94 |                 while((CAN1->TSR & CAN_TSR_TME1) == 1){}
      |                                                  ^~
../Core/Src/main.c: In function 'main':
../Core/Src/main.c:100:51: error: 'data' undeclared (first use in this function); did you mean 'daqta'?
  100 |           CAN_TX_Mailbox_0( identifier,  length,  data );
      |                                                   ^~~~
      |                                                   daqta
../Core/Src/main.c:100:51: note: each undeclared identifier is reported only once for each function it appears in
../Core/Src/main.c:78:6: warning: unused variable 'daqta' [-Wunused-variable]
   78 |  int daqta[]={1,2,3,4,5},length=8;
      |      ^~~~~
make: *** [Core/Src/subdir.mk:37: Core/Src/main.o] Error 1
make: *** Waiting for unfinished jobs....
"make -j8 all" terminated with exit code 2. Build might be incomplete.
19:46:25 **** Incremental Build of configuration Debug for project can_compressor ****
make -j8 all 
arm-none-eabi-gcc "../Core/Src/main.c" -mcpu=cortex-m3 -std=gnu11 -g3 -DDEBUG -DUSE_HAL_DRIVER -DSTM32F103xB -c -I../Core/Inc -I../Drivers/STM32F1xx_HAL_Driver/Inc/Legacy -I../Drivers/STM32F1xx_HAL_Driver/Inc -I../Drivers/CMSIS/Device/ST/STM32F1xx/Include -I../Drivers/CMSIS/Include -O0 -ffunction-sections -fdata-sections -Wall -fstack-usage -fcyclomatic-complexity -MMD -MP -MF"Core/Src/main.d" -MT"Core/Src/main.o" --specs=nano.specs -mfloat-abi=soft -mthumb -o "Core/Src/main.o"
arm-none-eabi-gcc -o "can_compressor.elf" @"objects.list"   -mcpu=cortex-m3 -T"C:\Users\maday\STM32CubeIDE\workspace_1.17.0\can_compressor\STM32F103CBTX_FLASH.ld" --specs=nosys.specs -Wl,-Map="can_compressor.map" -Wl,--gc-sections -static --specs=nano.specs -mfloat-abi=soft -mthumb -Wl,--start-group -lc -lm -Wl,--end-group
Finished building target: can_compressor.elf
 
arm-none-eabi-size  can_compressor.elf 
arm-none-eabi-objdump -h -S can_compressor.elf  > "can_compressor.list"
   text	   data	    bss	    dec	    hex	filename
   4152	     12	   1572	   5736	   1668	can_compressor.elf
Finished building: default.size.stdout
 
Finished building: can_compressor.list
 
19:46:44 **** Incremental Build of configuration Debug for project can_compressor ****
make -j8 all 
arm-none-eabi-size  can_compressor.elf 
   text	   data	    bss	    dec	    hex	filename
   4152	     12	   1572	   5736	   1668	can_compressor.elf
Finished building: default.size.stdout
 
19:47:03 **** Incremental Build of configuration Debug for project can_compressor ****
make -j8 all 
arm-none-eabi-gcc -o "can_compressor.elf" @"objects.list"   -mcpu=cortex-m3 -T"C:\Users\maday\STM32CubeIDE\workspace_1.17.0\can_compressor\STM32F103CBTX_FLASH.ld" --specs=nosys.specs -Wl,-Map="can_compressor.map" -Wl,--gc-sections -static --specs=nano.specs -mfloat-abi=soft -mthumb -Wl,--start-group -lc -lm -Wl,--end-group
Finished building target: can_compressor.elf
 
arm-none-eabi-size  can_compressor.elf 
arm-none-eabi-objdump -h -S can_compressor.elf  > "can_compressor.list"
arm-none-eabi-objcopy  -O ihex can_compressor.elf  "can_compressor.hex"
   text	   data	    bss	    dec	    hex	filename
   4152	     12	   1572	   5736	   1668	can_compressor.elf
Finished building: default.size.stdout
 
Finished building: can_compressor.list
 
Finished building: can_compressor.hex
 
09:39:59 **** Build of configuration Debug for project can_hal ****
make -j8 all 
arm-none-eabi-gcc "../Drivers/STM32F1xx_HAL_Driver/Src/stm32f1xx_hal.c" -mcpu=cortex-m3 -std=gnu11 -g3 -DDEBUG -DUSE_HAL_DRIVER -DSTM32F103xB -c -I../Core/Inc -I../Drivers/STM32F1xx_HAL_Driver/Inc/Legacy -I../Drivers/STM32F1xx_HAL_Driver/Inc -I../Drivers/CMSIS/Device/ST/STM32F1xx/Include -I../Drivers/CMSIS/Include -O0 -ffunction-sections -fdata-sections -Wall -fstack-usage -fcyclomatic-complexity -MMD -MP -MF"Drivers/STM32F1xx_HAL_Driver/Src/stm32f1xx_hal.d" -MT"Drivers/STM32F1xx_HAL_Driver/Src/stm32f1xx_hal.o" --specs=nano.specs -mfloat-abi=soft -mthumb -o "Drivers/STM32F1xx_HAL_Driver/Src/stm32f1xx_hal.o"
arm-none-eabi-gcc "../Drivers/STM32F1xx_HAL_Driver/Src/stm32f1xx_hal_cortex.c" -mcpu=cortex-m3 -std=gnu11 -g3 -DDEBUG -DUSE_HAL_DRIVER -DSTM32F103xB -c -I../Core/Inc -I../Drivers/STM32F1xx_HAL_Driver/Inc/Legacy -I../Drivers/STM32F1xx_HAL_Driver/Inc -I../Drivers/CMSIS/Device/ST/STM32F1xx/Include -I../Drivers/CMSIS/Include -O0 -ffunction-sections -fdata-sections -Wall -fstack-usage -fcyclomatic-complexity -MMD -MP -MF"Drivers/STM32F1xx_HAL_Driver/Src/stm32f1xx_hal_cortex.d" -MT"Drivers/STM32F1xx_HAL_Driver/Src/stm32f1xx_hal_cortex.o" --specs=nano.specs -mfloat-abi=soft -mthumb -o "Drivers/STM32F1xx_HAL_Driver/Src/stm32f1xx_hal_cortex.o"
arm-none-eabi-gcc "../Drivers/STM32F1xx_HAL_Driver/Src/stm32f1xx_hal_dma.c" -mcpu=cortex-m3 -std=gnu11 -g3 -DDEBUG -DUSE_HAL_DRIVER -DSTM32F103xB -c -I../Core/Inc -I../Drivers/STM32F1xx_HAL_Driver/Inc/Legacy -I../Drivers/STM32F1xx_HAL_Driver/Inc -I../Drivers/CMSIS/Device/ST/STM32F1xx/Include -I../Drivers/CMSIS/Include -O0 -ffunction-sections -fdata-sections -Wall -fstack-usage -fcyclomatic-complexity -MMD -MP -MF"Drivers/STM32F1xx_HAL_Driver/Src/stm32f1xx_hal_dma.d" -MT"Drivers/STM32F1xx_HAL_Driver/Src/stm32f1xx_hal_dma.o" --specs=nano.specs -mfloat-abi=soft -mthumb -o "Drivers/STM32F1xx_HAL_Driver/Src/stm32f1xx_hal_dma.o"
arm-none-eabi-gcc "../Drivers/STM32F1xx_HAL_Driver/Src/stm32f1xx_hal_exti.c" -mcpu=cortex-m3 -std=gnu11 -g3 -DDEBUG -DUSE_HAL_DRIVER -DSTM32F103xB -c -I../Core/Inc -I../Drivers/STM32F1xx_HAL_Driver/Inc/Legacy -I../Drivers/STM32F1xx_HAL_Driver/Inc -I../Drivers/CMSIS/Device/ST/STM32F1xx/Include -I../Drivers/CMSIS/Include -O0 -ffunction-sections -fdata-sections -Wall -fstack-usage -fcyclomatic-complexity -MMD -MP -MF"Drivers/STM32F1xx_HAL_Driver/Src/stm32f1xx_hal_exti.d" -MT"Drivers/STM32F1xx_HAL_Driver/Src/stm32f1xx_hal_exti.o" --specs=nano.specs -mfloat-abi=soft -mthumb -o "Drivers/STM32F1xx_HAL_Driver/Src/stm32f1xx_hal_exti.o"
arm-none-eabi-gcc "../Drivers/STM32F1xx_HAL_Driver/Src/stm32f1xx_hal_flash.c" -mcpu=cortex-m3 -std=gnu11 -g3 -DDEBUG -DUSE_HAL_DRIVER -DSTM32F103xB -c -I../Core/Inc -I../Drivers/STM32F1xx_HAL_Driver/Inc/Legacy -I../Drivers/STM32F1xx_HAL_Driver/Inc -I../Drivers/CMSIS/Device/ST/STM32F1xx/Include -I../Drivers/CMSIS/Include -O0 -ffunction-sections -fdata-sections -Wall -fstack-usage -fcyclomatic-complexity -MMD -MP -MF"Drivers/STM32F1xx_HAL_Driver/Src/stm32f1xx_hal_flash.d" -MT"Drivers/STM32F1xx_HAL_Driver/Src/stm32f1xx_hal_flash.o" --specs=nano.specs -mfloat-abi=soft -mthumb -o "Drivers/STM32F1xx_HAL_Driver/Src/stm32f1xx_hal_flash.o"
arm-none-eabi-gcc "../Drivers/STM32F1xx_HAL_Driver/Src/stm32f1xx_hal_flash_ex.c" -mcpu=cortex-m3 -std=gnu11 -g3 -DDEBUG -DUSE_HAL_DRIVER -DSTM32F103xB -c -I../Core/Inc -I../Drivers/STM32F1xx_HAL_Driver/Inc/Legacy -I../Drivers/STM32F1xx_HAL_Driver/Inc -I../Drivers/CMSIS/Device/ST/STM32F1xx/Include -I../Drivers/CMSIS/Include -O0 -ffunction-sections -fdata-sections -Wall -fstack-usage -fcyclomatic-complexity -MMD -MP -MF"Drivers/STM32F1xx_HAL_Driver/Src/stm32f1xx_hal_flash_ex.d" -MT"Drivers/STM32F1xx_HAL_Driver/Src/stm32f1xx_hal_flash_ex.o" --specs=nano.specs -mfloat-abi=soft -mthumb -o "Drivers/STM32F1xx_HAL_Driver/Src/stm32f1xx_hal_flash_ex.o"
arm-none-eabi-gcc "../Drivers/STM32F1xx_HAL_Driver/Src/stm32f1xx_hal_gpio.c" -mcpu=cortex-m3 -std=gnu11 -g3 -DDEBUG -DUSE_HAL_DRIVER -DSTM32F103xB -c -I../Core/Inc -I../Drivers/STM32F1xx_HAL_Driver/Inc/Legacy -I../Drivers/STM32F1xx_HAL_Driver/Inc -I../Drivers/CMSIS/Device/ST/STM32F1xx/Include -I../Drivers/CMSIS/Include -O0 -ffunction-sections -fdata-sections -Wall -fstack-usage -fcyclomatic-complexity -MMD -MP -MF"Drivers/STM32F1xx_HAL_Driver/Src/stm32f1xx_hal_gpio.d" -MT"Drivers/STM32F1xx_HAL_Driver/Src/stm32f1xx_hal_gpio.o" --specs=nano.specs -mfloat-abi=soft -mthumb -o "Drivers/STM32F1xx_HAL_Driver/Src/stm32f1xx_hal_gpio.o"
arm-none-eabi-gcc "../Drivers/STM32F1xx_HAL_Driver/Src/stm32f1xx_hal_gpio_ex.c" -mcpu=cortex-m3 -std=gnu11 -g3 -DDEBUG -DUSE_HAL_DRIVER -DSTM32F103xB -c -I../Core/Inc -I../Drivers/STM32F1xx_HAL_Driver/Inc/Legacy -I../Drivers/STM32F1xx_HAL_Driver/Inc -I../Drivers/CMSIS/Device/ST/STM32F1xx/Include -I../Drivers/CMSIS/Include -O0 -ffunction-sections -fdata-sections -Wall -fstack-usage -fcyclomatic-complexity -MMD -MP -MF"Drivers/STM32F1xx_HAL_Driver/Src/stm32f1xx_hal_gpio_ex.d" -MT"Drivers/STM32F1xx_HAL_Driver/Src/stm32f1xx_hal_gpio_ex.o" --specs=nano.specs -mfloat-abi=soft -mthumb -o "Drivers/STM32F1xx_HAL_Driver/Src/stm32f1xx_hal_gpio_ex.o"
arm-none-eabi-gcc "../Drivers/STM32F1xx_HAL_Driver/Src/stm32f1xx_hal_pwr.c" -mcpu=cortex-m3 -std=gnu11 -g3 -DDEBUG -DUSE_HAL_DRIVER -DSTM32F103xB -c -I../Core/Inc -I../Drivers/STM32F1xx_HAL_Driver/Inc/Legacy -I../Drivers/STM32F1xx_HAL_Driver/Inc -I../Drivers/CMSIS/Device/ST/STM32F1xx/Include -I../Drivers/CMSIS/Include -O0 -ffunction-sections -fdata-sections -Wall -fstack-usage -fcyclomatic-complexity -MMD -MP -MF"Drivers/STM32F1xx_HAL_Driver/Src/stm32f1xx_hal_pwr.d" -MT"Drivers/STM32F1xx_HAL_Driver/Src/stm32f1xx_hal_pwr.o" --specs=nano.specs -mfloat-abi=soft -mthumb -o "Drivers/STM32F1xx_HAL_Driver/Src/stm32f1xx_hal_pwr.o"
arm-none-eabi-gcc "../Drivers/STM32F1xx_HAL_Driver/Src/stm32f1xx_hal_rcc.c" -mcpu=cortex-m3 -std=gnu11 -g3 -DDEBUG -DUSE_HAL_DRIVER -DSTM32F103xB -c -I../Core/Inc -I../Drivers/STM32F1xx_HAL_Driver/Inc/Legacy -I../Drivers/STM32F1xx_HAL_Driver/Inc -I../Drivers/CMSIS/Device/ST/STM32F1xx/Include -I../Drivers/CMSIS/Include -O0 -ffunction-sections -fdata-sections -Wall -fstack-usage -fcyclomatic-complexity -MMD -MP -MF"Drivers/STM32F1xx_HAL_Driver/Src/stm32f1xx_hal_rcc.d" -MT"Drivers/STM32F1xx_HAL_Driver/Src/stm32f1xx_hal_rcc.o" --specs=nano.specs -mfloat-abi=soft -mthumb -o "Drivers/STM32F1xx_HAL_Driver/Src/stm32f1xx_hal_rcc.o"
arm-none-eabi-gcc "../Drivers/STM32F1xx_HAL_Driver/Src/stm32f1xx_hal_rcc_ex.c" -mcpu=cortex-m3 -std=gnu11 -g3 -DDEBUG -DUSE_HAL_DRIVER -DSTM32F103xB -c -I../Core/Inc -I../Drivers/STM32F1xx_HAL_Driver/Inc/Legacy -I../Drivers/STM32F1xx_HAL_Driver/Inc -I../Drivers/CMSIS/Device/ST/STM32F1xx/Include -I../Drivers/CMSIS/Include -O0 -ffunction-sections -fdata-sections -Wall -fstack-usage -fcyclomatic-complexity -MMD -MP -MF"Drivers/STM32F1xx_HAL_Driver/Src/stm32f1xx_hal_rcc_ex.d" -MT"Drivers/STM32F1xx_HAL_Driver/Src/stm32f1xx_hal_rcc_ex.o" --specs=nano.specs -mfloat-abi=soft -mthumb -o "Drivers/STM32F1xx_HAL_Driver/Src/stm32f1xx_hal_rcc_ex.o"
arm-none-eabi-gcc -mcpu=cortex-m3 -g3 -DDEBUG -c -x assembler-with-cpp -MMD -MP -MF"Core/Startup/startup_stm32f103cbtx.d" -MT"Core/Startup/startup_stm32f103cbtx.o" --specs=nano.specs -mfloat-abi=soft -mthumb -o "Core/Startup/startup_stm32f103cbtx.o" "../Core/Startup/startup_stm32f103cbtx.s"
arm-none-eabi-gcc "../Core/Src/can_by_ry.c" -mcpu=cortex-m3 -std=gnu11 -g3 -DDEBUG -DUSE_HAL_DRIVER -DSTM32F103xB -c -I../Core/Inc -I../Drivers/STM32F1xx_HAL_Driver/Inc/Legacy -I../Drivers/STM32F1xx_HAL_Driver/Inc -I../Drivers/CMSIS/Device/ST/STM32F1xx/Include -I../Drivers/CMSIS/Include -O0 -ffunction-sections -fdata-sections -Wall -fstack-usage -fcyclomatic-complexity -MMD -MP -MF"Core/Src/can_by_ry.d" -MT"Core/Src/can_by_ry.o" --specs=nano.specs -mfloat-abi=soft -mthumb -o "Core/Src/can_by_ry.o"
arm-none-eabi-gcc "../Core/Src/main.c" -mcpu=cortex-m3 -std=gnu11 -g3 -DDEBUG -DUSE_HAL_DRIVER -DSTM32F103xB -c -I../Core/Inc -I../Drivers/STM32F1xx_HAL_Driver/Inc/Legacy -I../Drivers/STM32F1xx_HAL_Driver/Inc -I../Drivers/CMSIS/Device/ST/STM32F1xx/Include -I../Drivers/CMSIS/Include -O0 -ffunction-sections -fdata-sections -Wall -fstack-usage -fcyclomatic-complexity -MMD -MP -MF"Core/Src/main.d" -MT"Core/Src/main.o" --specs=nano.specs -mfloat-abi=soft -mthumb -o "Core/Src/main.o"
arm-none-eabi-gcc "../Core/Src/stm32f1xx_hal_msp.c" -mcpu=cortex-m3 -std=gnu11 -g3 -DDEBUG -DUSE_HAL_DRIVER -DSTM32F103xB -c -I../Core/Inc -I../Drivers/STM32F1xx_HAL_Driver/Inc/Legacy -I../Drivers/STM32F1xx_HAL_Driver/Inc -I../Drivers/CMSIS/Device/ST/STM32F1xx/Include -I../Drivers/CMSIS/Include -O0 -ffunction-sections -fdata-sections -Wall -fstack-usage -fcyclomatic-complexity -MMD -MP -MF"Core/Src/stm32f1xx_hal_msp.d" -MT"Core/Src/stm32f1xx_hal_msp.o" --specs=nano.specs -mfloat-abi=soft -mthumb -o "Core/Src/stm32f1xx_hal_msp.o"
arm-none-eabi-gcc "../Core/Src/stm32f1xx_it.c" -mcpu=cortex-m3 -std=gnu11 -g3 -DDEBUG -DUSE_HAL_DRIVER -DSTM32F103xB -c -I../Core/Inc -I../Drivers/STM32F1xx_HAL_Driver/Inc/Legacy -I../Drivers/STM32F1xx_HAL_Driver/Inc -I../Drivers/CMSIS/Device/ST/STM32F1xx/Include -I../Drivers/CMSIS/Include -O0 -ffunction-sections -fdata-sections -Wall -fstack-usage -fcyclomatic-complexity -MMD -MP -MF"Core/Src/stm32f1xx_it.d" -MT"Core/Src/stm32f1xx_it.o" --specs=nano.specs -mfloat-abi=soft -mthumb -o "Core/Src/stm32f1xx_it.o"
../Core/Src/can_by_ry.c:18: warning: "INAK_TIMEOUT" redefined
   18 | #define INAK_TIMEOUT        ((uint32_t)0x0000FFFF)
      | 
In file included from ../Drivers/STM32F1xx_HAL_Driver/Inc/stm32f1xx_hal_def.h:30,
                 from ../Drivers/STM32F1xx_HAL_Driver/Inc/stm32f1xx_hal_rcc.h:27,
                 from ../Core/Inc/stm32f1xx_hal_conf.h:238,
                 from ../Drivers/STM32F1xx_HAL_Driver/Inc/stm32f1xx_hal.h:29,
                 from ../Core/Inc/main.h:30,
                 from ../Core/Src/can_by_ry.c:8:
../Drivers/STM32F1xx_HAL_Driver/Inc/Legacy/stm32_hal_legacy.h:1549: note: this is the location of the previous definition
 1549 | #define INAK_TIMEOUT                CAN_TIMEOUT_VALUE
      | 
../Core/Src/can_by_ry.c:20: warning: "SLAK_TIMEOUT" redefined
   20 | #define SLAK_TIMEOUT        ((uint32_t)0x0000FFFF)
      | 
../Drivers/STM32F1xx_HAL_Driver/Inc/Legacy/stm32_hal_legacy.h:1550: note: this is the location of the previous definition
 1550 | #define SLAK_TIMEOUT                CAN_TIMEOUT_VALUE
      | 
../Core/Src/can_by_ry.c: In function 'CAN_Init':
../Core/Src/can_by_ry.c:127:52: error: 'CAN_TypeDef' has no member named 'CAN_Mode'
  127 |               CAN1->BTR = (uint32_t)((uint32_t)CAN1->CAN_Mode << 30) | \
      |                                                    ^~
In file included from ../Core/Src/can_by_ry.c:9:
../Core/Inc/can_by_ry.h:19:37: error: expected identifier before '(' token
   19 | #define CAN_SJW_1tq                 ((uint8_t)0x00)  /*!< 1 time quantum */
      |                                     ^
../Core/Src/can_by_ry.c:128:44: note: in expansion of macro 'CAN_SJW_1tq'
  128 |                           ((uint32_t)CAN1->CAN_SJW_1tq << 24) | \
      |                                            ^~~~~~~~~~~
../Core/Src/can_by_ry.c:129:42: error: 'CAN_TypeDef' has no member named 'CAN_BS1'
  129 |                           ((uint32_t)CAN1->CAN_BS1 << 16) | \
      |                                          ^~
../Core/Src/can_by_ry.c:130:42: error: 'CAN_TypeDef' has no member named 'CAN_BS2'
  130 |                           ((uint32_t)CAN1->CAN_BS2 << 20) | \
      |                                          ^~
../Core/Src/can_by_ry.c:131:41: error: 'CAN_TypeDef' has no member named 'CAN_Prescaler'
  131 |                          ((uint32_t)CAN1->CAN_Prescaler - 1);
      |                                         ^~
../Core/Src/can_by_ry.c: At top level:
../Core/Src/can_by_ry.c:36:17: warning: 'CheckITStatus' declared 'static' but never defined [-Wunused-function]
   36 | static ITStatus CheckITStatus(uint32_t CAN_Reg, uint32_t It_Bit);
      |                 ^~~~~~~~~~~~~
make: *** [Core/Src/subdir.mk:37: Core/Src/can_by_ry.o] Error 1
make: *** Waiting for unfinished jobs....
"make -j8 all" terminated with exit code 2. Build might be incomplete.
09:42:48 **** Incremental Build of configuration Debug for project can_hal ****
make -j8 all 
arm-none-eabi-gcc "../Core/Src/can_by_ry.c" -mcpu=cortex-m3 -std=gnu11 -g3 -DDEBUG -DUSE_HAL_DRIVER -DSTM32F103xB -c -I../Core/Inc -I../Drivers/STM32F1xx_HAL_Driver/Inc/Legacy -I../Drivers/STM32F1xx_HAL_Driver/Inc -I../Drivers/CMSIS/Device/ST/STM32F1xx/Include -I../Drivers/CMSIS/Include -O0 -ffunction-sections -fdata-sections -Wall -fstack-usage -fcyclomatic-complexity -MMD -MP -MF"Core/Src/can_by_ry.d" -MT"Core/Src/can_by_ry.o" --specs=nano.specs -mfloat-abi=soft -mthumb -o "Core/Src/can_by_ry.o"
arm-none-eabi-gcc "../Core/Src/syscalls.c" -mcpu=cortex-m3 -std=gnu11 -g3 -DDEBUG -DUSE_HAL_DRIVER -DSTM32F103xB -c -I../Core/Inc -I../Drivers/STM32F1xx_HAL_Driver/Inc/Legacy -I../Drivers/STM32F1xx_HAL_Driver/Inc -I../Drivers/CMSIS/Device/ST/STM32F1xx/Include -I../Drivers/CMSIS/Include -O0 -ffunction-sections -fdata-sections -Wall -fstack-usage -fcyclomatic-complexity -MMD -MP -MF"Core/Src/syscalls.d" -MT"Core/Src/syscalls.o" --specs=nano.specs -mfloat-abi=soft -mthumb -o "Core/Src/syscalls.o"
arm-none-eabi-gcc "../Core/Src/sysmem.c" -mcpu=cortex-m3 -std=gnu11 -g3 -DDEBUG -DUSE_HAL_DRIVER -DSTM32F103xB -c -I../Core/Inc -I../Drivers/STM32F1xx_HAL_Driver/Inc/Legacy -I../Drivers/STM32F1xx_HAL_Driver/Inc -I../Drivers/CMSIS/Device/ST/STM32F1xx/Include -I../Drivers/CMSIS/Include -O0 -ffunction-sections -fdata-sections -Wall -fstack-usage -fcyclomatic-complexity -MMD -MP -MF"Core/Src/sysmem.d" -MT"Core/Src/sysmem.o" --specs=nano.specs -mfloat-abi=soft -mthumb -o "Core/Src/sysmem.o"
arm-none-eabi-gcc "../Core/Src/system_stm32f1xx.c" -mcpu=cortex-m3 -std=gnu11 -g3 -DDEBUG -DUSE_HAL_DRIVER -DSTM32F103xB -c -I../Core/Inc -I../Drivers/STM32F1xx_HAL_Driver/Inc/Legacy -I../Drivers/STM32F1xx_HAL_Driver/Inc -I../Drivers/CMSIS/Device/ST/STM32F1xx/Include -I../Drivers/CMSIS/Include -O0 -ffunction-sections -fdata-sections -Wall -fstack-usage -fcyclomatic-complexity -MMD -MP -MF"Core/Src/system_stm32f1xx.d" -MT"Core/Src/system_stm32f1xx.o" --specs=nano.specs -mfloat-abi=soft -mthumb -o "Core/Src/system_stm32f1xx.o"
../Core/Src/can_by_ry.c:18: warning: "INAK_TIMEOUT" redefined
   18 | #define INAK_TIMEOUT        ((uint32_t)0x0000FFFF)
      | 
In file included from ../Drivers/STM32F1xx_HAL_Driver/Inc/stm32f1xx_hal_def.h:30,
                 from ../Drivers/STM32F1xx_HAL_Driver/Inc/stm32f1xx_hal_rcc.h:27,
                 from ../Core/Inc/stm32f1xx_hal_conf.h:238,
                 from ../Drivers/STM32F1xx_HAL_Driver/Inc/stm32f1xx_hal.h:29,
                 from ../Core/Inc/main.h:30,
                 from ../Core/Src/can_by_ry.c:8:
../Drivers/STM32F1xx_HAL_Driver/Inc/Legacy/stm32_hal_legacy.h:1549: note: this is the location of the previous definition
 1549 | #define INAK_TIMEOUT                CAN_TIMEOUT_VALUE
      | 
../Core/Src/can_by_ry.c:20: warning: "SLAK_TIMEOUT" redefined
   20 | #define SLAK_TIMEOUT        ((uint32_t)0x0000FFFF)
      | 
../Drivers/STM32F1xx_HAL_Driver/Inc/Legacy/stm32_hal_legacy.h:1550: note: this is the location of the previous definition
 1550 | #define SLAK_TIMEOUT                CAN_TIMEOUT_VALUE
      | 
../Core/Src/can_by_ry.c: In function 'CAN_Init':
../Core/Src/can_by_ry.c:127:48: error: 'CAN_Mode' undeclared (first use in this function)
  127 |               CAN1->BTR = (uint32_t)((uint32_t)CAN_Mode << 30) | \
      |                                                ^~~~~~~~
../Core/Src/can_by_ry.c:127:48: note: each undeclared identifier is reported only once for each function it appears in
../Core/Src/can_by_ry.c:129:38: error: 'CAN_BS1' undeclared (first use in this function); did you mean 'IS_CAN_BS1'?
  129 |                           ((uint32_t)CAN_BS1 << 16) | \
      |                                      ^~~~~~~
      |                                      IS_CAN_BS1
../Core/Src/can_by_ry.c:130:38: error: 'CAN_BS2' undeclared (first use in this function); did you mean 'CAN1_BASE'?
  130 |                           ((uint32_t)CAN_BS2 << 20) | \
      |                                      ^~~~~~~
      |                                      CAN1_BASE
../Core/Src/can_by_ry.c:131:37: error: 'CAN_Prescaler' undeclared (first use in this function)
  131 |                          ((uint32_t)CAN_Prescaler - 1);
      |                                     ^~~~~~~~~~~~~
[...]
arm-none-eabi-gcc "../Core/Src/main.c" -mcpu=cortex-m3 -std=gnu11 -g3 -DDEBUG -DUSE_HAL_DRIVER -DSTM32F103xB -c -I../Core/Inc -I../Drivers/STM32F1xx_HAL_Driver/Inc/Legacy -I../Drivers/STM32F1xx_HAL_Driver/Inc -I../Drivers/CMSIS/Device/ST/STM32F1xx/Include -I../Drivers/CMSIS/Include -O0 -ffunction-sections -fdata-sections -Wall -fstack-usage -fcyclomatic-complexity -MMD -MP -MF"Core/Src/main.d" -MT"Core/Src/main.o" --specs=nano.specs -mfloat-abi=soft -mthumb -o "Core/Src/main.o"
arm-none-eabi-gcc "../Core/Src/stm32f1xx_hal_msp.c" -mcpu=cortex-m3 -std=gnu11 -g3 -DDEBUG -DUSE_HAL_DRIVER -DSTM32F103xB -c -I../Core/Inc -I../Drivers/STM32F1xx_HAL_Driver/Inc/Legacy -I../Drivers/STM32F1xx_HAL_Driver/Inc -I../Drivers/CMSIS/Device/ST/STM32F1xx/Include -I../Drivers/CMSIS/Include -O0 -ffunction-sections -fdata-sections -Wall -fstack-usage -fcyclomatic-complexity -MMD -MP -MF"Core/Src/stm32f1xx_hal_msp.d" -MT"Core/Src/stm32f1xx_hal_msp.o" --specs=nano.specs -mfloat-abi=soft -mthumb -o "Core/Src/stm32f1xx_hal_msp.o"
arm-none-eabi-gcc "../Core/Src/stm32f1xx_it.c" -mcpu=cortex-m3 -std=gnu11 -g3 -DDEBUG -DUSE_HAL_DRIVER -DSTM32F103xB -c -I../Core/Inc -I../Drivers/STM32F1xx_HAL_Driver/Inc/Legacy -I../Drivers/STM32F1xx_HAL_Driver/Inc -I../Drivers/CMSIS/Device/ST/STM32F1xx/Include -I../Drivers/CMSIS/Include -O0 -ffunction-sections -fdata-sections -Wall -fstack-usage -fcyclomatic-complexity -MMD -MP -MF"Core/Src/stm32f1xx_it.d" -MT"Core/Src/stm32f1xx_it.o" --specs=nano.specs -mfloat-abi=soft -mthumb -o "Core/Src/stm32f1xx_it.o"
arm-none-eabi-gcc "../Core/Src/syscalls.c" -mcpu=cortex-m3 -std=gnu11 -g3 -DDEBUG -DUSE_HAL_DRIVER -DSTM32F103xB -c -I../Core/Inc -I../Drivers/STM32F1xx_HAL_Driver/Inc/Legacy -I../Drivers/STM32F1xx_HAL_Driver/Inc -I../Drivers/CMSIS/Device/ST/STM32F1xx/Include -I../Drivers/CMSIS/Include -O0 -ffunction-sections -fdata-sections -Wall -fstack-usage -fcyclomatic-complexity -MMD -MP -MF"Core/Src/syscalls.d" -MT"Core/Src/syscalls.o" --specs=nano.specs -mfloat-abi=soft -mthumb -o "Core/Src/syscalls.o"
arm-none-eabi-gcc "../Core/Src/sysmem.c" -mcpu=cortex-m3 -std=gnu11 -g3 -DDEBUG -DUSE_HAL_DRIVER -DSTM32F103xB -c -I../Core/Inc -I../Drivers/STM32F1xx_HAL_Driver/Inc/Legacy -I../Drivers/STM32F1xx_HAL_Driver/Inc -I../Drivers/CMSIS/Device/ST/STM32F1xx/Include -I../Drivers/CMSIS/Include -O0 -ffunction-sections -fdata-sections -Wall -fstack-usage -fcyclomatic-complexity -MMD -MP -MF"Core/Src/sysmem.d" -MT"Core/Src/sysmem.o" --specs=nano.specs -mfloat-abi=soft -mthumb -o "Core/Src/sysmem.o"
arm-none-eabi-gcc "../Core/Src/system_stm32f1xx.c" -mcpu=cortex-m3 -std=gnu11 -g3 -DDEBUG -DUSE_HAL_DRIVER -DSTM32F103xB -c -I../Core/Inc -I../Drivers/STM32F1xx_HAL_Driver/Inc/Legacy -I../Drivers/STM32F1xx_HAL_Driver/Inc -I../Drivers/CMSIS/Device/ST/STM32F1xx/Include -I../Drivers/CMSIS/Include -O0 -ffunction-sections -fdata-sections -Wall -fstack-usage -fcyclomatic-complexity -MMD -MP -MF"Core/Src/system_stm32f1xx.d" -MT"Core/Src/system_stm32f1xx.o" --specs=nano.specs -mfloat-abi=soft -mthumb -o "Core/Src/system_stm32f1xx.o"
arm-none-eabi-gcc "../Core/Src/uart.c" -mcpu=cortex-m3 -std=gnu11 -g3 -DDEBUG -DUSE_HAL_DRIVER -DSTM32F103xB -c -I../Core/Inc -I../Drivers/STM32F1xx_HAL_Driver/Inc/Legacy -I../Drivers/STM32F1xx_HAL_Driver/Inc -I../Drivers/CMSIS/Device/ST/STM32F1xx/Include -I../Drivers/CMSIS/Include -O0 -ffunction-sections -fdata-sections -Wall -fstack-usage -fcyclomatic-complexity -MMD -MP -MF"Core/Src/uart.d" -MT"Core/Src/uart.o" --specs=nano.specs -mfloat-abi=soft -mthumb -o "Core/Src/uart.o"
arm-none-eabi-gcc -o "bootloader_application.elf" @"objects.list"   -mcpu=cortex-m3 -T"C:\Users\maday\STM32CubeIDE\workspace_1.17.0\bootloader_application\STM32F103C8TX_FLASH.ld" --specs=nosys.specs -Wl,-Map="bootloader_application.map" -Wl,--gc-sections -static --specs=nano.specs -mfloat-abi=soft -mthumb -Wl,--start-group -lc -lm -Wl,--end-group
Finished building target: bootloader_application.elf
 
arm-none-eabi-size  bootloader_application.elf 
arm-none-eabi-objdump -h -S bootloader_application.elf  > "bootloader_application.list"
   text	   data	    bss	    dec	    hex	filename
   3512	     12	   1572	   5096	   13e8	bootloader_application.elf
Finished building: default.size.stdout
 
Finished building: bootloader_application.list
 
23:42:13 **** Incremental Build of configuration Debug for project application ****
make -j8 all 
arm-none-eabi-size  application.elf 
   text	   data	    bss	    dec	    hex	filename
   4080	     12	   1572	   5664	   1620	application.elf
Finished building: default.size.stdout
 
23:42:14 **** Incremental Build of configuration Debug for project bootloader_application ****
make -j8 all 
arm-none-eabi-gcc "../Core/Src/application.c" -mcpu=cortex-m3 -std=gnu11 -g3 -DDEBUG -DUSE_HAL_DRIVER -DSTM32F103xB -c -I../Core/Inc -I../Drivers/STM32F1xx_HAL_Driver/Inc/Legacy -I../Drivers/STM32F1xx_HAL_Driver/Inc -I../Drivers/CMSIS/Device/ST/STM32F1xx/Include -I../Drivers/CMSIS/Include -O0 -ffunction-sections -fdata-sections -Wall -fstack-usage -fcyclomatic-complexity -MMD -MP -MF"Core/Src/application.d" -MT"Core/Src/application.o" --specs=nano.specs -mfloat-abi=soft -mthumb -o "Core/Src/application.o"
arm-none-eabi-gcc "../Core/Src/led.c" -mcpu=cortex-m3 -std=gnu11 -g3 -DDEBUG -DUSE_HAL_DRIVER -DSTM32F103xB -c -I../Core/Inc -I../Drivers/STM32F1xx_HAL_Driver/Inc/Legacy -I../Drivers/STM32F1xx_HAL_Driver/Inc -I../Drivers/CMSIS/Device/ST/STM32F1xx/Include -I../Drivers/CMSIS/Include -O0 -ffunction-sections -fdata-sections -Wall -fstack-usage -fcyclomatic-complexity -MMD -MP -MF"Core/Src/led.d" -MT"Core/Src/led.o" --specs=nano.specs -mfloat-abi=soft -mthumb -o "Core/Src/led.o"
arm-none-eabi-gcc "../Core/Src/main.c" -mcpu=cortex-m3 -std=gnu11 -g3 -DDEBUG -DUSE_HAL_DRIVER -DSTM32F103xB -c -I../Core/Inc -I../Drivers/STM32F1xx_HAL_Driver/Inc/Legacy -I../Drivers/STM32F1xx_HAL_Driver/Inc -I../Drivers/CMSIS/Device/ST/STM32F1xx/Include -I../Drivers/CMSIS/Include -O0 -ffunction-sections -fdata-sections -Wall -fstack-usage -fcyclomatic-complexity -MMD -MP -MF"Core/Src/main.d" -MT"Core/Src/main.o" --specs=nano.specs -mfloat-abi=soft -mthumb -o "Core/Src/main.o"
arm-none-eabi-gcc "../Core/Src/stm32f1xx_hal_msp.c" -mcpu=cortex-m3 -std=gnu11 -g3 -DDEBUG -DUSE_HAL_DRIVER -DSTM32F103xB -c -I../Core/Inc -I../Drivers/STM32F1xx_HAL_Driver/Inc/Legacy -I../Drivers/STM32F1xx_HAL_Driver/Inc -I../Drivers/CMSIS/Device/ST/STM32F1xx/Include -I../Drivers/CMSIS/Include -O0 -ffunction-sections -fdata-sections -Wall -fstack-usage -fcyclomatic-complexity -MMD -MP -MF"Core/Src/stm32f1xx_hal_msp.d" -MT"Core/Src/stm32f1xx_hal_msp.o" --specs=nano.specs -mfloat-abi=soft -mthumb -o "Core/Src/stm32f1xx_hal_msp.o"
arm-none-eabi-gcc "../Core/Src/stm32f1xx_it.c" -mcpu=cortex-m3 -std=gnu11 -g3 -DDEBUG -DUSE_HAL_DRIVER -DSTM32F103xB -c -I../Core/Inc -I../Drivers/STM32F1xx_HAL_Driver/Inc/Legacy -I../Drivers/STM32F1xx_HAL_Driver/Inc -I../Drivers/CMSIS/Device/ST/STM32F1xx/Include -I../Drivers/CMSIS/Include -O0 -ffunction-sections -fdata-sections -Wall -fstack-usage -fcyclomatic-complexity -MMD -MP -MF"Core/Src/stm32f1xx_it.d" -MT"Core/Src/stm32f1xx_it.o" --specs=nano.specs -mfloat-abi=soft -mthumb -o "Core/Src/stm32f1xx_it.o"
arm-none-eabi-gcc "../Core/Src/syscalls.c" -mcpu=cortex-m3 -std=gnu11 -g3 -DDEBUG -DUSE_HAL_DRIVER -DSTM32F103xB -c -I../Core/Inc -I../Drivers/STM32F1xx_HAL_Driver/Inc/Legacy -I../Drivers/STM32F1xx_HAL_Driver/Inc -I../Drivers/CMSIS/Device/ST/STM32F1xx/Include -I../Drivers/CMSIS/Include -O0 -ffunction-sections -fdata-sections -Wall -fstack-usage -fcyclomatic-complexity -MMD -MP -MF"Core/Src/syscalls.d" -MT"Core/Src/syscalls.o" --specs=nano.specs -mfloat-abi=soft -mthumb -o "Core/Src/syscalls.o"
arm-none-eabi-gcc "../Core/Src/sysmem.c" -mcpu=cortex-m3 -std=gnu11 -g3 -DDEBUG -DUSE_HAL_DRIVER -DSTM32F103xB -c -I../Core/Inc -I../Drivers/STM32F1xx_HAL_Driver/Inc/Legacy -I../Drivers/STM32F1xx_HAL_Driver/Inc -I../Drivers/CMSIS/Device/ST/STM32F1xx/Include -I../Drivers/CMSIS/Include -O0 -ffunction-sections -fdata-sections -Wall -fstack-usage -fcyclomatic-complexity -MMD -MP -MF"Core/Src/sysmem.d" -MT"Core/Src/sysmem.o" --specs=nano.specs -mfloat-abi=soft -mthumb -o "Core/Src/sysmem.o"
arm-none-eabi-gcc "../Core/Src/system_stm32f1xx.c" -mcpu=cortex-m3 -std=gnu11 -g3 -DDEBUG -DUSE_HAL_DRIVER -DSTM32F103xB -c -I../Core/Inc -I../Drivers/STM32F1xx_HAL_Driver/Inc/Legacy -I../Drivers/STM32F1xx_HAL_Driver/Inc -I../Drivers/CMSIS/Device/ST/STM32F1xx/Include -I../Drivers/CMSIS/Include -O0 -ffunction-sections -fdata-sections -Wall -fstack-usage -fcyclomatic-complexity -MMD -MP -MF"Core/Src/system_stm32f1xx.d" -MT"Core/Src/system_stm32f1xx.o" --specs=nano.specs -mfloat-abi=soft -mthumb -o "Core/Src/system_stm32f1xx.o"
../Core/Src/main.c: In function 'main':
../Core/Src/main.c:101:3: warning: implicit declaration of function 'goto_application' [-Wimplicit-function-declaration]
  101 |   goto_application();
      |   ^~~~~~~~~~~~~~~~
arm-none-eabi-gcc "../Core/Src/uart.c" -mcpu=cortex-m3 -std=gnu11 -g3 -DDEBUG -DUSE_HAL_DRIVER -DSTM32F103xB -c -I../Core/Inc -I../Drivers/STM32F1xx_HAL_Driver/Inc/Legacy -I../Drivers/STM32F1xx_HAL_Driver/Inc -I../Drivers/CMSIS/Device/ST/STM32F1xx/Include -I../Drivers/CMSIS/Include -O0 -ffunction-sections -fdata-sections -Wall -fstack-usage -fcyclomatic-complexity -MMD -MP -MF"Core/Src/uart.d" -MT"Core/Src/uart.o" --specs=nano.specs -mfloat-abi=soft -mthumb -o "Core/Src/uart.o"
arm-none-eabi-gcc -o "bootloader_application.elf" @"objects.list"   -mcpu=cortex-m3 -T"C:\Users\maday\STM32CubeIDE\workspace_1.17.0\bootloader_application\STM32F103C8TX_FLASH.ld" --specs=nosys.specs -Wl,-Map="bootloader_application.map" -Wl,--gc-sections -static --specs=nano.specs -mfloat-abi=soft -mthumb -Wl,--start-group -lc -lm -Wl,--end-group
Finished building target: bootloader_application.elf
 
arm-none-eabi-size  bootloader_application.elf 
arm-none-eabi-objdump -h -S bootloader_application.elf  > "bootloader_application.list"
   text	   data	    bss	    dec	    hex	filename
   4044	     12	   1572	   5628	   15fc	bootloader_application.elf
Finished building: default.size.stdout
 
Finished building: bootloader_application.list
 
23:42:55 **** Incremental Build of configuration Debug for project application ****
make -j8 all 
arm-none-eabi-size  application.elf 
   text	   data	    bss	    dec	    hex	filename
   4080	     12	   1572	   5664	   1620	application.elf
Finished building: default.size.stdout
 
23:42:55 **** Incremental Build of configuration Debug for project bootloader_application ****
make -j8 all 
arm-none-eabi-gcc "../Core/Src/main.c" -mcpu=cortex-m3 -std=gnu11 -g3 -DDEBUG -DUSE_HAL_DRIVER -DSTM32F103xB -c -I../Core/Inc -I../Drivers/STM32F1xx_HAL_Driver/Inc/Legacy -I../Drivers/STM32F1xx_HAL_Driver/Inc -I../Drivers/CMSIS/Device/ST/STM32F1xx/Include -I../Drivers/CMSIS/Include -O0 -ffunction-sections -fdata-sections -Wall -fstack-usage -fcyclomatic-complexity -MMD -MP -MF"Core/Src/main.d" -MT"Core/Src/main.o" --specs=nano.specs -mfloat-abi=soft -mthumb -o "Core/Src/main.o"
arm-none-eabi-gcc -o "bootloader_application.elf" @"objects.list"   -mcpu=cortex-m3 -T"C:\Users\maday\STM32CubeIDE\workspace_1.17.0\bootloader_application\STM32F103C8TX_FLASH.ld" --specs=nosys.specs -Wl,-Map="bootloader_application.map" -Wl,--gc-sections -static --specs=nano.specs -mfloat-abi=soft -mthumb -Wl,--start-group -lc -lm -Wl,--end-group
Finished building target: bootloader_application.elf
 
arm-none-eabi-size  bootloader_application.elf 
arm-none-eabi-objdump -h -S bootloader_application.elf  > "bootloader_application.list"
   text	   data	    bss	    dec	    hex	filename
   4044	     12	   1572	   5628	   15fc	bootloader_application.elf
Finished building: default.size.stdout
 
Finished building: bootloader_application.list
 
23:43:26 **** Incremental Build of configuration Debug for project application ****
make -j8 all 
arm-none-eabi-size  application.elf 
   text	   data	    bss	    dec	    hex	filename
   4080	     12	   1572	   5664	   1620	application.elf
Finished building: default.size.stdout
 
23:43:27 **** Incremental Build of configuration Debug for project bootloader_application ****
make -j8 all 
arm-none-eabi-size  bootloader_application.elf 
   text	   data	    bss	    dec	    hex	filename
   4044	     12	   1572	   5628	   15fc	bootloader_application.elf
Finished building: default.size.stdout
 
23:44:22 **** Incremental Build of configuration Debug for project application ****
make -j8 all 
arm-none-eabi-size  application.elf 
   text	   data	    bss	    dec	    hex	filename
   4080	     12	   1572	   5664	   1620	application.elf
Finished building: default.size.stdout
 
23:44:22 **** Incremental Build of configuration Debug for project bootloader_application ****
make -j8 all 
arm-none-eabi-gcc -o "bootloader_application.elf" @"objects.list"   -mcpu=cortex-m3 -T"C:\Users\maday\STM32CubeIDE\workspace_1.17.0\bootloader_application\STM32F103C8TX_FLASH.ld" --specs=nosys.specs -Wl,-Map="bootloader_application.map" -Wl,--gc-sections -static --specs=nano.specs -mfloat-abi=soft -mthumb -Wl,--start-group -lc -lm -Wl,--end-group
Finished building target: bootloader_application.elf
 
arm-none-eabi-size  bootloader_application.elf 
arm-none-eabi-objdump -h -S bootloader_application.elf  > "bootloader_application.list"
   text	   data	    bss	    dec	    hex	filename
   4044	     12	   1572	   5628	   15fc	bootloader_application.elf
Finished building: default.size.stdout
 
Finished building: bootloader_application.list
 
23:46:20 **** Incremental Build of configuration Debug for project application ****
make -j8 all 
arm-none-eabi-gcc -o "application.elf" @"objects.list"   -mcpu=cortex-m3 -T"C:\Users\maday\STM32CubeIDE\workspace_1.17.0\application\STM32F103C8TX_FLASH.ld" --specs=nosys.specs -Wl,-Map="application.map" -Wl,--gc-sections -static --specs=nano.specs -mfloat-abi=soft -mthumb -Wl,--start-group -lc -lm -Wl,--end-group
Finished building target: application.elf
 
arm-none-eabi-size  application.elf 
arm-none-eabi-objdump -h -S application.elf  > "application.list"
arm-none-eabi-objcopy  -O ihex application.elf  "application.hex"
   text	   data	    bss	    dec	    hex	filename
   4080	     12	   1572	   5664	   1620	application.elf
Finished building: default.size.stdout
 
Finished building: application.list
 
Finished building: application.hex
 
23:46:21 **** Incremental Build of configuration Debug for project bootloader_application ****
make -j8 all 
arm-none-eabi-size  bootloader_application.elf 
   text	   data	    bss	    dec	    hex	filename
   4044	     12	   1572	   5628	   15fc	bootloader_application.elf
Finished building: default.size.stdout
 
23:47:02 **** Incremental Build of configuration Debug for project application ****
make -j8 all 
arm-none-eabi-size  application.elf 
   text	   data	    bss	    dec	    hex	filename
   4080	     12	   1572	   5664	   1620	application.elf
Finished building: default.size.stdout
 
23:47:02 **** Incremental Build of configuration Debug for project bootloader_application ****
make -j8 all 
arm-none-eabi-gcc -o "bootloader_application.elf" @"objects.list"   -mcpu=cortex-m3 -T"C:\Users\maday\STM32CubeIDE\workspace_1.17.0\bootloader_application\STM32F103C8TX_FLASH.ld" --specs=nosys.specs -Wl,-Map="bootloader_application.map" -Wl,--gc-sections -static --specs=nano.specs -mfloat-abi=soft -mthumb -Wl,--start-group -lc -lm -Wl,--end-group
Finished building target: bootloader_application.elf
 
arm-none-eabi-size  bootloader_application.elf 
arm-none-eabi-objdump -h -S bootloader_application.elf  > "bootloader_application.list"
arm-none-eabi-objcopy  -O ihex bootloader_application.elf  "bootloader_application.hex"
   text	   data	    bss	    dec	    hex	filename
   4044	     12	   1572	   5628	   15fc	bootloader_application.elf
Finished building: default.size.stdout
 
Finished building: bootloader_application.hex
 
Finished building: bootloader_application.list
 
23:47:07 **** Incremental Build of configuration Debug for project application ****
make -j8 all 
arm-none-eabi-size  application.elf 
   text	   data	    bss	    dec	    hex	filename
   4080	     12	   1572	   5664	   1620	application.elf
Finished building: default.size.stdout
 
23:47:08 **** Incremental Build of configuration Debug for project bootloader_application ****
make -j8 all 
arm-none-eabi-size  bootloader_application.elf 
   text	   data	    bss	    dec	    hex	filename
   4044	     12	   1572	   5628	   15fc	bootloader_application.elf
Finished building: default.size.stdout
 
23:57:21 **** Incremental Build of configuration Debug for project application ****
make -j8 all 
arm-none-eabi-gcc "../Core/Src/main.c" -mcpu=cortex-m3 -std=gnu11 -g3 -DDEBUG -DUSE_HAL_DRIVER -DSTM32F103xB -c -I../Core/Inc -I../Drivers/STM32F1xx_HAL_Driver/Inc/Legacy -I../Drivers/STM32F1xx_HAL_Driver/Inc -I../Drivers/CMSIS/Device/ST/STM32F1xx/Include -I../Drivers/CMSIS/Include -O0 -ffunction-sections -fdata-sections -Wall -fstack-usage -fcyclomatic-complexity -MMD -MP -MF"Core/Src/main.d" -MT"Core/Src/main.o" --specs=nano.specs -mfloat-abi=soft -mthumb -o "Core/Src/main.o"
arm-none-eabi-gcc -o "application.elf" @"objects.list"   -mcpu=cortex-m3 -T"C:\Users\maday\STM32CubeIDE\workspace_1.17.0\application\STM32F103C8TX_FLASH.ld" --specs=nosys.specs -Wl,-Map="application.map" -Wl,--gc-sections -static --specs=nano.specs -mfloat-abi=soft -mthumb -Wl,--start-group -lc -lm -Wl,--end-group
Finished building target: application.elf
 
arm-none-eabi-size  application.elf 
arm-none-eabi-objdump -h -S application.elf  > "application.list"
arm-none-eabi-objcopy  -O ihex application.elf  "application.hex"
   text	   data	    bss	    dec	    hex	filename
   4080	     12	   1572	   5664	   1620	application.elf
Finished building: default.size.stdout
 
Finished building: application.hex
 
Finished building: application.list
 
23:57:23 **** Incremental Build of configuration Debug for project bootloader_application ****
make -j8 all 
arm-none-eabi-size  bootloader_application.elf 
   text	   data	    bss	    dec	    hex	filename
   4044	     12	   1572	   5628	   15fc	bootloader_application.elf
Finished building: default.size.stdout
 
23:58:22 **** Incremental Build of configuration Debug for project application ****
make -j8 all 
arm-none-eabi-gcc "../Core/Src/main.c" -mcpu=cortex-m3 -std=gnu11 -g3 -DDEBUG -DUSE_HAL_DRIVER -DSTM32F103xB -c -I../Core/Inc -I../Drivers/STM32F1xx_HAL_Driver/Inc/Legacy -I../Drivers/STM32F1xx_HAL_Driver/Inc -I../Drivers/CMSIS/Device/ST/STM32F1xx/Include -I../Drivers/CMSIS/Include -O0 -ffunction-sections -fdata-sections -Wall -fstack-usage -fcyclomatic-complexity -MMD -MP -MF"Core/Src/main.d" -MT"Core/Src/main.o" --specs=nano.specs -mfloat-abi=soft -mthumb -o "Core/Src/main.o"
arm-none-eabi-gcc -o "application.elf" @"objects.list"   -mcpu=cortex-m3 -T"C:\Users\maday\STM32CubeIDE\workspace_1.17.0\application\STM32F103C8TX_FLASH.ld" --specs=nosys.specs -Wl,-Map="application.map" -Wl,--gc-sections -static --specs=nano.specs -mfloat-abi=soft -mthumb -Wl,--start-group -lc -lm -Wl,--end-group
Finished building target: application.elf
 
arm-none-eabi-size  application.elf 
arm-none-eabi-objdump -h -S application.elf  > "application.list"
arm-none-eabi-objcopy  -O ihex application.elf  "application.hex"
   text	   data	    bss	    dec	    hex	filename
   4080	     12	   1572	   5664	   1620	application.elf
Finished building: default.size.stdout
 
Finished building: application.hex
 
Finished building: application.list
 
23:58:23 **** Incremental Build of configuration Debug for project bootloader_application ****
make -j8 all 
arm-none-eabi-size  bootloader_application.elf 
   text	   data	    bss	    dec	    hex	filename
   4044	     12	   1572	   5628	   15fc	bootloader_application.elf
Finished building: default.size.stdout
 
