22:09:17 **** Incremental Build of configuration Debug for project uart_by_peripheral_method ****
make -j8 all 
arm-none-eabi-gcc "../Core/Src/main.c" -mcpu=cortex-m3 -std=gnu11 -g3 -DDEBUG -DUSE_HAL_DRIVER -DSTM32F103xB -c -I../Core/Inc -I../Drivers/STM32F1xx_HAL_Driver/Inc/Legacy -I../Drivers/STM32F1xx_HAL_Driver/Inc -I../Drivers/CMSIS/Device/ST/STM32F1xx/Include -I../Drivers/CMSIS/Include -O0 -ffunction-sections -fdata-sections -Wall -fstack-usage -fcyclomatic-complexity -MMD -MP -MF"Core/Src/main.d" -MT"Core/Src/main.o" --specs=nano.specs -mfloat-abi=soft -mthumb -o "Core/Src/main.o"
arm-none-eabi-gcc -o "uart_by_peripheral_method.elf" @"objects.list"   -mcpu=cortex-m3 -T"C:\Users\maday\STM32CubeIDE\workspace_1.17.0\uart_by_peripheral_method\STM32F103CBTX_FLASH.ld" --specs=nosys.specs -Wl,-Map="uart_by_peripheral_method.map" -Wl,--gc-sections -static --specs=nano.specs -mfloat-abi=soft -mthumb -Wl,--start-group -lc -lm -Wl,--end-group
Finished building target: uart_by_peripheral_method.elf
 
arm-none-eabi-size  uart_by_peripheral_method.elf 
arm-none-eabi-objdump -h -S uart_by_peripheral_method.elf  > "uart_by_peripheral_method.list"
arm-none-eabi-objcopy  -O ihex uart_by_peripheral_method.elf  "uart_by_peripheral_method.hex"
   text	   data	    bss	    dec	    hex	filename
   3704	     12	   1572	   5288	   14a8	uart_by_peripheral_method.elf
Finished building: default.size.stdout
 
Finished building: uart_by_peripheral_method.hex
 
Finished building: uart_by_peripheral_method.list
 

22:09:22 Build Finished. 0 errors, 0 warnings. (took 5s.803ms)

